##########################################################
#    Opium Report File                                   #
##########################################################
     Opium version:        3.8

### copy of the parameter file #######################

[Atom]
Cl                 # chemical symbol (max. 2 characters)
7                 # norb: number of orbitals
100 2.00  -       # reference configuration
200 2.00  -       # reference configuration
210 6.00  -       # reference configuration
300 2.00  -       # reference configuration
310 4.00  -       # reference configuration
400 0.00  -
320 0.00  -

[Pseudo]
4  1.58 1.35 1.05 2.67
opt

[XC]
gga
                                                                                                                 
[Optinfo]
7.07  10    # rc[a.u.]  Qc[sqrt(Ry)]  Nb
7.07  10    # rc[a.u.]  Qc[sqrt(Ry)]  Nb
7.07  10    # rc[a.u.]  Qc[sqrt(Ry)]  Nb
7.07  10    # rc[a.u.]  Qc[sqrt(Ry)]  Nb
[Configs]  
2                 # number of valence configurations
#
300 2.00   -1.4   # test configuration
310 3.50   -0.4   # test configuration
400 0.00   -
320 0.00  -
#
300 2.00   -      # test configuration
310 4.50   -      # test configuration
400 0.00   -
320 0.00   -
#
300 2.00   -      # test configuration
310 5.00   -      # test configuration
400 0.00   -
320 0.00   -

[KBdesign]
0  # local orbital [0..lmax]
0  # number of boxes
au      0.1 1.25 5.79

### AE report ########################################

 AE:Orbital    Filling       Eigenvalues[Ry]          Norm
    ----------------------------------------------------------
	100	 2.000	    -202.3845321659
	200	 2.000	     -19.3890820060
	210	 6.000	     -15.0251577121
	300	 2.000	      -2.3458827236	  0.3942874596
	310	 4.000	      -1.4287077080	  0.6703262904
	320	 0.000	      -0.2968160150	  0.5705003147
	400	 0.000	      -0.4140751718	  0.9778757569

      E_tot =     -918.9048410346 Ry

### PS report ########################################

    ====================Optimized pseudopotential method====================

                       Pseudopotential convergence error                      
    Orbital      [mRy/e]       [meV/e]         [mRy]        [meV]        Ghost
    --------------------------------------------------------------------------
	300       0.022802      0.310233      0.045603      0.620465	    no
	310       0.034881      0.474574      0.139522      1.898298	    no
	320       0.012254      0.166723      0.000000      0.000000	    no

                  Tot. error =               0.185126      2.518763


### NL/SL report #####################################


 NL:Orbital    Filling       Eigenvalues[Ry]          Norm       Ghost
    ------------------------------------------------------------------
	100 	 2.000	      -2.3458827235	  0.3942874622	    no
	210 	 4.000	      -1.4287077079	  0.6703262929	    no
	320 	 0.000	      -0.2968160150	  0.5705003468	    no
	200 	 0.000	      -0.4153716832	  0.9762603639	    no

	 ========== No ghosts in potential!!========== 

      E_tot =      -28.7743311592 Ry

### KE report ########################################

	 ===   Ecut necessary for ~1    eV convergence error / electron === 
	 --------------------------------------------------------------- 
		 	 Ecut[Ry] 	 error [meV/e] 
	100  		   17 	          942.895 
	210  		   9 	          909.990 
	320  		   19 	          970.989 
	200  		   17 	          942.895 
	 ===   Ecut necessary for ~100 meV convergence error / electron === 
	 --------------------------------------------------------------- 
		 	 Ecut[Ry] 	 error [meV/e] 
	100  		   27 	           96.597 
	210  		   14 	           91.519 
	320  		   33 	           94.724 
	200  		   27 	           96.597 

	 ===   Ecut necessary for  ~10 meV convergence error / electron === 
	 --------------------------------------------------------------- 
		 	 Ecut[Ry] 	 error [meV/e] 
	100  		   35 	            9.575 
	210  		   36 	            9.388 
	320  		   40 	            9.864 
	200  		   35 	            9.575 

	 ===   Ecut necessary for   ~1 meV convergence error / electron === 
	 --------------------------------------------------------------- 
		 	 Ecut[Ry] 	 error [meV/e] 
	100  		   41 	            0.883 
	210  		   46 	            0.900 
	320  		   46 	            0.854 
	200  		   41 	            0.883 

### TC report ########################################

 AE:Orbital    Filling       Eigenvalues[Ry]          Norm
    ----------------------------------------------------------
	100	 2.000	    -202.9355861017
	200	 2.000	     -19.9232349965
	210	 6.000	     -15.5612096250
	300	 2.000	      -2.8048976481	  0.3788249508
	310	 3.500	      -1.8673090961	  0.6495709658
	320	 0.000	      -0.6390242101	  0.3884378344
	400	 0.000	      -0.6539778913	  0.9707428203

      E_tot =     -918.0818583297 Ry

 NL:Orbital    Filling       Eigenvalues[Ry]          Norm       Ghost
    ------------------------------------------------------------------
	100 	 2.000	      -2.8043008943	  0.3789513105	    no
	210 	 3.500	      -1.8667467797	  0.6496713524	    no
	320 	 0.000	      -0.6382511550	  0.3900078993	    no
	200 	 0.000	      -0.6561254209	  0.9683792393	    no

      E_tot =      -27.9514862556 Ry

 AE-NL:Orbital Filling       Eigenvalues[mRy]         Norm[1e-3] 
 AE-NL- --------------------------------------------------------------
 AE-NL- 100 	 2.000	      -0.5967537408	 -0.1263596862	
 AE-NL- 210 	 3.500	      -0.5623163305	 -0.1003865666	
 AE-NL- 320 	 0.000	      -0.7730551067	 -1.5700649429	
 AE-NL- 200 	 0.000	       2.1475295250	  2.3635810537	
 AE-NL-  total error =	       4.0796547030	  4.1603922494

 =====================================================================
 AE:Orbital    Filling       Eigenvalues[Ry]          Norm
    ----------------------------------------------------------
	100	 2.000	    -201.8788906557
	200	 2.000	     -18.8955777885
	210	 6.000	     -14.5302660536
	300	 2.000	      -1.9125664241	  0.4087709341
	310	 4.500	      -1.0160333491	  0.6908034244
	320	 0.000	      -0.0442676192	  0.9094243601
	400	 0.000	      -0.2012327138	  0.9852003082

      E_tot =     -919.5148748974 Ry

 NL:Orbital    Filling       Eigenvalues[Ry]          Norm       Ghost
    ------------------------------------------------------------------
	100 	 2.000	      -1.9129034841	  0.4086833522	    no
	210 	 4.500	      -1.0163198978	  0.6907544091	    no
	320 	 0.000	      -0.0442828404	  0.9089794863	    no
	200 	 0.000	      -0.2018848802	  0.9842325712	    no

      E_tot =      -29.3844435499 Ry

 AE-NL:Orbital Filling       Eigenvalues[mRy]         Norm[1e-3] 
 AE-NL- --------------------------------------------------------------
 AE-NL- 100 	 2.000	       0.3370600156	  0.0875819551	
 AE-NL- 210 	 4.500	       0.2865486792	  0.0490153234	
 AE-NL- 320 	 0.000	       0.0152212030	  0.4448738057	
 AE-NL- 200 	 0.000	       0.6521663575	  0.9677369420	
 AE-NL-  total error =	       1.2909962553	  1.5492080262

 =====================================================================

  Comparison of total energy differences.           
   DD_ij = (E_i - E_j)_AE - (E_i-E_j)_NL     

 AE-NL-   i   j         DD[mRy]        DD[meV] 
 AE-NL- ------------------------------------------
 AE-NL-   0   1        -0.137801      -1.874885
 AE-NL-   0   2        -0.078528      -1.068427
 AE-NL-   1   2         0.059274       0.806458
