##########################################################
#    Opium Report File                                   #
##########################################################
     Opium version:        3.8

### copy of the parameter file #######################

[Atom]
He
1
100   2.00   -

[Pseudo]
1  0.80
opt

[Optinfo]
7.0  10
conmax

[Configs]
2
#
100 1.80 -
#
100 1.60 -

[XC]
gga

[Grid]
2402 .0001 .0065  

### AE report ########################################

 AE:Orbital    Filling       Eigenvalues[Ry]          Norm
    ----------------------------------------------------------
	100	 2.000	      -1.1585876018	  0.5123162798

      E_tot =       -5.7858756407 Ry

### PS report ########################################

    ====================Optimized pseudopotential method====================

                       Pseudopotential convergence error                      
    Orbital      [mRy/e]       [meV/e]         [mRy]        [meV]        Ghost
    --------------------------------------------------------------------------
	100      16.028546    218.079591     32.057092    436.159182	    no

                  Tot. error =              32.057092    436.159182


### NL/SL report #####################################


 NL:Orbital    Filling       Eigenvalues[Ry]          Norm       Ghost
    ------------------------------------------------------------------
	100 	 2.000	      -1.1585875973	  0.5123166793	    no

	 ========== No ghosts in potential!!========== 

      E_tot =       -5.7424731171 Ry

### KE report ########################################

	 ===   Ecut necessary for ~1    eV convergence error / electron === 
	 --------------------------------------------------------------- 
		 	 Ecut[Ry] 	 error [meV/e] 
	100  		   33 	          971.094 
	 ===   Ecut necessary for ~100 meV convergence error / electron === 
	 --------------------------------------------------------------- 
		 	 Ecut[Ry] 	 error [meV/e] 
	100  		   57 	           96.916 

	 ===   Ecut necessary for  ~10 meV convergence error / electron === 
	 --------------------------------------------------------------- 
		 	 Ecut[Ry] 	 error [meV/e] 
	100  		   246 	            9.901 

	 ===   Ecut necessary for   ~1 meV convergence error / electron === 
	 --------------------------------------------------------------- 
		 	 Ecut[Ry] 	 error [meV/e] 
	100  		   389 	            0.881 

### TC report ########################################

 AE:Orbital    Filling       Eigenvalues[Ry]          Norm
    ----------------------------------------------------------
	100	 1.800	      -1.4660749953	  0.4901250862

      E_tot =       -5.5237518563 Ry

 NL:Orbital    Filling       Eigenvalues[Ry]          Norm       Ghost
    ------------------------------------------------------------------
	100 	 1.800	      -1.4654835918	  0.4908964725	    no

      E_tot =       -5.4803972702 Ry

 AE-NL:Orbital Filling       Eigenvalues[mRy]         Norm[1e-3] 
 AE-NL- --------------------------------------------------------------
 AE-NL- 100 	 1.800	      -0.5914035335	 -0.7713862751	
 AE-NL-  total error =	       0.5914035335	  0.7713862751

 =====================================================================
 AE:Orbital    Filling       Eigenvalues[Ry]          Norm
    ----------------------------------------------------------
	100	 1.600	      -1.7933408917	  0.4683207942

      E_tot =       -5.1981277426 Ry

 NL:Orbital    Filling       Eigenvalues[Ry]          Norm       Ghost
    ------------------------------------------------------------------
	100 	 1.600	      -1.7913606138	  0.4700366732	    no

      E_tot =       -5.1550141964 Ry

 AE-NL:Orbital Filling       Eigenvalues[mRy]         Norm[1e-3] 
 AE-NL- --------------------------------------------------------------
 AE-NL- 100 	 1.600	      -1.9802778817	 -1.7158790329	
 AE-NL-  total error =	       1.9802778817	  1.7158790329

 =====================================================================

  Comparison of total energy differences.           
   DD_ij = (E_i - E_j)_AE - (E_i-E_j)_NL     

 AE-NL-   i   j         DD[mRy]        DD[meV] 
 AE-NL- ------------------------------------------
 AE-NL-   0   1        -0.047938      -0.652224
 AE-NL-   0   2        -0.288977      -3.931741
 AE-NL-   1   2        -0.241040      -3.279517
