##########################################################
#    Opium Report File                                   #
##########################################################
     Opium version:        3.8

### copy of the parameter file #######################

[Atom]
Li
3
100   2.00   -
200   0.00   -1.355456
210   0.091   -

[Pseudo]
3 1.55 2.20 1.60
opt

[Optinfo]
7.07  10
10.0  10
7.07  10
conmax

[Configs]
1
#
100  2.00  -
200  0.00  -
210  0.00  -

[XC]
hf

[KBdesign]
s                 # local orbital
1                 # number of aug. operators
au -15.0 2.5 6.5  # unit(gp or au)  left  right  height(Ry)


### AE report ########################################

 AE:Orbital    Filling       Eigenvalues[Ry]          Norm
    ----------------------------------------------------------
	100	 2.000	      -5.5371266009	  0.0157322077
	210	 0.091	      -0.2572798098	  0.9683263566
	200	 0.000	      -0.3587867856	  0.8751255492

      E_tot =      -14.4962425746 Ry

### PS report ########################################



 NOTICE!! :Ghost testing not done for HF psps yet, sorry :( 
    ====================Optimized pseudopotential method====================

                       Pseudopotential convergence error                      
    Orbital      [mRy/e]       [meV/e]         [mRy]        [meV]        Ghost
    --------------------------------------------------------------------------
	100       0.055490      0.754983      0.110980      1.509965	   ???
	210       0.002443      0.033243      0.000222      0.003025	   ???

                  Tot. error =               0.111203      1.512990


### NL/SL report #####################################



 NOTICE!! :Ghost testing not done for HF psps yet, sorry :( 

 SL:Orbital    Filling       Eigenvalues[Ry]          Norm       Ghost
    ------------------------------------------------------------------
	100 	 2.000	      -5.5371265847	  0.0157322076	   ???
	210 	 0.091	      -0.2572798097	  0.9683314455	   ???
	200 	 0.000	      -0.2984274666	  0.9122646838	   ???

      E_tot =      -13.9762670683 Ry

### KE report ########################################

	 ===   Ecut necessary for ~1    eV convergence error / electron === 
	 --------------------------------------------------------------- 
		 	 Ecut[Ry] 	 error [meV/e] 
	100  		   26 	          959.025 
	210  		   1 	          955.864 
	200  		   26 	          959.025 
	 ===   Ecut necessary for ~100 meV convergence error / electron === 
	 --------------------------------------------------------------- 
		 	 Ecut[Ry] 	 error [meV/e] 
	100  		   36 	           93.263 
	210  		   4 	           94.705 
	200  		   36 	           93.263 

	 ===   Ecut necessary for  ~10 meV convergence error / electron === 
	 --------------------------------------------------------------- 
		 	 Ecut[Ry] 	 error [meV/e] 
	100  		   43 	            9.632 
	210  		   19 	            9.832 
	200  		   43 	            9.632 

	 ===   Ecut necessary for   ~1 meV convergence error / electron === 
	 --------------------------------------------------------------- 
		 	 Ecut[Ry] 	 error [meV/e] 
	100  		   49 	            0.865 
	210  		   390 	            0.777 
	200  		   49 	            0.865 

### TC report ########################################

 AE:Orbital    Filling       Eigenvalues[Ry]          Norm
    ----------------------------------------------------------
	100	 2.000	      -5.5847293571	  0.0157025831
	210	 0.000	      -0.2572734460	  0.9683325790
	200	 0.000	      -0.3926086922	  0.8699326952

      E_tot =      -14.4728306056 Ry


 NOTICE!! :Ghost testing not done for HF psps yet, sorry :( 

 SL:Orbital    Filling       Eigenvalues[Ry]          Norm       Ghost
    ------------------------------------------------------------------
	100 	 2.000	      -5.5847189515	  0.0157033230	   ???
	210 	 0.000	      -0.2572735904	  0.9683373835	   ???
	200 	 0.000	      -0.3321663318	  0.9096821052	   ???

      E_tot =      -13.9528549725 Ry

 AE-SL:Orbital Filling       Eigenvalues[mRy]         Norm[1e-3] 
 AE-SL- --------------------------------------------------------------
 AE-SL- 100 	 2.000	      -0.0104055791	 -0.0007398617	
 AE-SL- 210 	 0.000	       0.0001444430	 -0.0048044992	
 AE-SL- 200 	 0.000	     -60.4423604026	-39.7494099315	
 AE-SL-  total error =	      60.4529104248	 39.7549542923

 =====================================================================

  Comparison of total energy differences.           
   DD_ij = (E_i - E_j)_AE - (E_i-E_j)_SL     

 AE-SL-   i   j         DD[mRy]        DD[meV] 
 AE-SL- ------------------------------------------
 AE-SL-   0   1         0.000127       0.001725
