##########################################################
#    Opium Report File                                   #
##########################################################
     Opium version:        3.8

### copy of the parameter file #######################

[Atom]
Ne  
3
100   2.00   -
200   2.00   -
210   6.00   -

[Pseudo]
2  1.14 1.63
opt

[Optinfo]
7.07  10
7.07  10
conmax

[Configs]
2
#
200  2.00  -
210  5.20  -
#
200  2.00  -
210  5.40  -

[XC]
gga

### AE report ########################################

 AE:Orbital    Filling       Eigenvalues[Ry]          Norm
    ----------------------------------------------------------
	100	 2.000	     -60.9788275846
	200	 2.000	      -2.6664030529	  0.2401386942
	210	 6.000	      -0.9810521925	  0.1235186925

      E_tot =     -257.7331494615 Ry

### PS report ########################################

    ====================Optimized pseudopotential method====================

                       Pseudopotential convergence error                      
    Orbital      [mRy/e]       [meV/e]         [mRy]        [meV]        Ghost
    --------------------------------------------------------------------------
	200       0.225826      3.072527      0.451653      6.145053	    no
	210       0.308471      4.196964      1.850826     25.181783	    no

                  Tot. error =               2.302479     31.326837


### NL/SL report #####################################


 NL:Orbital    Filling       Eigenvalues[Ry]          Norm       Ghost
    ------------------------------------------------------------------
	100 	 2.000	      -2.6664030529	  0.2401388881	    no
	210 	 6.000	      -0.9810521925	  0.1235186849	    no

	 ========== No ghosts in potential!!========== 

      E_tot =      -66.0509894999 Ry

### KE report ########################################

	 ===   Ecut necessary for ~1    eV convergence error / electron === 
	 --------------------------------------------------------------- 
		 	 Ecut[Ry] 	 error [meV/e] 
	100  		   14 	          954.311 
	210  		   31 	          999.307 
	 ===   Ecut necessary for ~100 meV convergence error / electron === 
	 --------------------------------------------------------------- 
		 	 Ecut[Ry] 	 error [meV/e] 
	100  		   21 	           89.418 
	210  		   40 	           91.762 

	 ===   Ecut necessary for  ~10 meV convergence error / electron === 
	 --------------------------------------------------------------- 
		 	 Ecut[Ry] 	 error [meV/e] 
	100  		   27 	            9.129 
	210  		   47 	            8.943 

	 ===   Ecut necessary for   ~1 meV convergence error / electron === 
	 --------------------------------------------------------------- 
		 	 Ecut[Ry] 	 error [meV/e] 
	100  		   118 	            0.996 
	210  		   165 	            0.994 

### TC report ########################################

 AE:Orbital    Filling       Eigenvalues[Ry]          Norm
    ----------------------------------------------------------
	100	 2.000	     -62.2745773922
	200	 2.000	      -3.7767940311	  0.2182698936
	210	 5.200	      -2.0721655581	  0.0848495027

      E_tot =     -256.5244650196 Ry

 NL:Orbital    Filling       Eigenvalues[Ry]          Norm       Ghost
    ------------------------------------------------------------------
	100 	 2.000	      -3.7822991240	  0.2183907330	    no
	210 	 5.200	      -2.0525317972	  0.0875829639	    no

      E_tot =      -64.8483135762 Ry

 AE-NL:Orbital Filling       Eigenvalues[mRy]         Norm[1e-3] 
 AE-NL- --------------------------------------------------------------
 AE-NL- 100 	 2.000	       5.5050928947	 -0.1208394000	
 AE-NL- 210 	 5.200	     -19.6337608442	 -2.7334612301	
 AE-NL-  total error =	      25.1388537389	  2.8543006301

 =====================================================================
 AE:Orbital    Filling       Eigenvalues[Ry]          Norm
    ----------------------------------------------------------
	100	 2.000	     -61.9251080507
	200	 2.000	      -3.4831902654	  0.2240537068
	210	 5.400	      -1.7819801351	  0.0933329466

      E_tot =     -256.9096924551 Ry

 NL:Orbital    Filling       Eigenvalues[Ry]          Norm       Ghost
    ------------------------------------------------------------------
	100 	 2.000	      -3.4883676111	  0.2240738875	    no
	210 	 5.400	      -1.7699883149	  0.0953764961	    no

      E_tot =      -65.2304101550 Ry

 AE-NL:Orbital Filling       Eigenvalues[mRy]         Norm[1e-3] 
 AE-NL- --------------------------------------------------------------
 AE-NL- 100 	 2.000	       5.1773457098	 -0.0201806726	
 AE-NL- 210 	 5.400	     -11.9918201582	 -2.0435494788	
 AE-NL-  total error =	      17.1691658680	  2.0637301514

 =====================================================================

  Comparison of total energy differences.           
   DD_ij = (E_i - E_j)_AE - (E_i-E_j)_NL     

 AE-NL-   i   j         DD[mRy]        DD[meV] 
 AE-NL- ------------------------------------------
 AE-NL-   0   1        -6.008518     -81.750097
 AE-NL-   0   2        -2.877662     -39.152601
 AE-NL-   1   2         3.130857      42.597497
