##########################################################
#    Opium Report File                                   #
##########################################################
     Opium version:        3.8

### copy of the parameter file #######################

[Atom]
Mg
4
100   2.00   -
200   2.00   -
210   6.00   -
300   2.00   -

[Pseudo]
2   1.85 1.90
opt             # no one uses kerker, use opt for real potentials

[Optinfo]
7.07     10
7.07     10
conmax             # when "NEW" minimization breaks, use conmax

[Configs]
3
#
210   6.00   -
300   1.00   -

#
210   6.00   -
300   0.50   -

#
210   6.00   -
300   0.00   -

[XC]
hf

### AE report ########################################

 AE:Orbital    Filling       Eigenvalues[Ry]          Norm
    ----------------------------------------------------------
	100	 2.000	     -98.0634723880
	200	 2.000	      -7.5354430467
	300	 2.000	      -0.5061051755	  0.8744929827
	210	 6.000	      -4.5644520796	  0.0092596383

      E_tot =     -399.2292742710 Ry

### PS report ########################################



 NOTICE!! :Ghost testing not done for HF psps yet, sorry :( 
    ====================Optimized pseudopotential method====================

                       Pseudopotential convergence error                      
    Orbital      [mRy/e]       [meV/e]         [mRy]        [meV]        Ghost
    --------------------------------------------------------------------------
	100       0.000944      0.012838      0.001887      0.025677	   ???
	210       0.057826      0.786767      0.346958      4.720604	   ???

                  Tot. error =               0.348845      4.746281


### NL/SL report #####################################



 NOTICE!! :Ghost testing not done for HF psps yet, sorry :( 

 SL:Orbital    Filling       Eigenvalues[Ry]          Norm       Ghost
    ------------------------------------------------------------------
	100 	 2.000	      -0.5061051757	  0.8744933937	   ???
	210 	 6.000	      -4.5644520456	  0.0092596402	   ???

      E_tot =      -67.7363210542 Ry

### KE report ########################################

	 ===   Ecut necessary for ~1    eV convergence error / electron === 
	 --------------------------------------------------------------- 
		 	 Ecut[Ry] 	 error [meV/e] 
	100  		   1 	          929.726 
	210  		   31 	          969.855 
	 ===   Ecut necessary for ~100 meV convergence error / electron === 
	 --------------------------------------------------------------- 
		 	 Ecut[Ry] 	 error [meV/e] 
	100  		   6 	           96.023 
	210  		   38 	           96.046 

	 ===   Ecut necessary for  ~10 meV convergence error / electron === 
	 --------------------------------------------------------------- 
		 	 Ecut[Ry] 	 error [meV/e] 
	100  		   9 	            9.921 
	210  		   44 	            9.653 

	 ===   Ecut necessary for   ~1 meV convergence error / electron === 
	 --------------------------------------------------------------- 
		 	 Ecut[Ry] 	 error [meV/e] 
	100  		   13 	            0.995 
	210  		   49 	            0.973 

### TC report ########################################

 AE:Orbital    Filling       Eigenvalues[Ry]          Norm
    ----------------------------------------------------------
	100	 2.000	     -98.7127267928
	200	 2.000	      -8.1712299914
	300	 1.000	      -1.0828792079	  0.8274182324
	210	 6.000	      -5.2058755020	  0.0089143886

      E_tot =     -398.7436180989 Ry


 NOTICE!! :Ghost testing not done for HF psps yet, sorry :( 

 SL:Orbital    Filling       Eigenvalues[Ry]          Norm       Ghost
    ------------------------------------------------------------------
	100 	 1.000	      -1.0818630416	  0.8276270965	   ???
	210 	 6.000	      -5.1944033625	  0.0088691623	   ???

      E_tot =      -67.2504752159 Ry

 AE-SL:Orbital Filling       Eigenvalues[mRy]         Norm[1e-3] 
 AE-SL- --------------------------------------------------------------
 AE-SL- 100 	 1.000	      -1.0161662364	 -0.2088641442	
 AE-SL- 210 	 6.000	     -11.4721395368	  0.0452263244	
 AE-SL-  total error =	      12.4883057732	  0.2540904686

 =====================================================================
 AE:Orbital    Filling       Eigenvalues[Ry]          Norm
    ----------------------------------------------------------
	100	 2.000	     -99.1251634874
	200	 2.000	      -8.5687232075
	300	 0.500	      -1.0819883066	  0.8279947995
	210	 6.000	      -5.6092560378	  0.0085925343

      E_tot =     -398.2024066760 Ry


 NOTICE!! :Ghost testing not done for HF psps yet, sorry :( 

 SL:Orbital    Filling       Eigenvalues[Ry]          Norm       Ghost
    ------------------------------------------------------------------
	100 	 0.500	      -1.0809827889	  0.8280930472	   ???
	210 	 6.000	      -5.5850444281	  0.0085162140	   ???

      E_tot =      -66.7097655944 Ry

 AE-SL:Orbital Filling       Eigenvalues[mRy]         Norm[1e-3] 
 AE-SL- --------------------------------------------------------------
 AE-SL- 100 	 0.500	      -1.0055177177	 -0.0982476435	
 AE-SL- 210 	 6.000	     -24.2116097036	  0.0763203746	
 AE-SL-  total error =	      25.2171274214	  0.1745680181

 =====================================================================
 AE:Orbital    Filling       Eigenvalues[Ry]          Norm
    ----------------------------------------------------------
	100	 2.000	     -99.5374207311
	200	 2.000	      -8.9658896146
	300	 0.000	      -1.0811612706	  0.8285114867
	210	 6.000	      -6.0123351642	  0.0082904582

      E_tot =     -397.6616208165 Ry


 NOTICE!! :Ghost testing not done for HF psps yet, sorry :( 

 SL:Orbital    Filling       Eigenvalues[Ry]          Norm       Ghost
    ------------------------------------------------------------------
	100 	 0.000	      -1.0801451215	  0.8285400021	   ???
	210 	 6.000	      -5.9754102834	  0.0081841836	   ???

      E_tot =      -66.1694862973 Ry

 AE-SL:Orbital Filling       Eigenvalues[mRy]         Norm[1e-3] 
 AE-SL- --------------------------------------------------------------
 AE-SL- 100 	 0.000	      -1.0161491391	 -0.0285154344	
 AE-SL- 210 	 6.000	     -36.9248807600	  0.1062745517	
 AE-SL-  total error =	      37.9410298991	  0.1347899862

 =====================================================================

  Comparison of total energy differences.           
   DD_ij = (E_i - E_j)_AE - (E_i-E_j)_SL     

 AE-SL-   i   j         DD[mRy]        DD[meV] 
 AE-SL- ------------------------------------------
 AE-SL-   0   1         0.189666       2.580542
 AE-SL-   0   2        -0.312135      -4.246817
 AE-SL-   0   3        -0.818698     -11.138953
 AE-SL-   1   2        -0.501801      -6.827359
 AE-SL-   1   3        -1.008364     -13.719495
 AE-SL-   2   3        -0.506562      -6.892136
