##########################################################
#    Opium Report File                                   #
##########################################################
     Opium version:        3.8

### copy of the parameter file #######################

[Atom]
Ca                 # chemical symbol (max. 2 characters)
7                 # norb: number of orbitals
100 2.00   -       # reference configuration
200 2.00   -      # reference configuration
210 6.00   -      # reference configuration
300 2.00   -      # reference configuration
310 6.00   -       # reference configuration
320 0.00   -   
400 0.10   -      # reference configuration
[Pseudo]
4  2.42 2.72 2.80 5.74
opt
[XC]
hf
[Optinfo]
7.07  10    # rc[a.u.]  Qc[sqrt(Ry)]  Nb
7.07  10    # rc[a.u.]  Qc[sqrt(Ry)]  Nb
7.07  10    # rc[a.u.]  Qc[sqrt(Ry)]  Nb
7.07  10    # rc[a.u.]  Qc[sqrt(Ry)]  Nb
[Configs]
3                 # number of valence configurations
#
300 2.00   -      # test configuration
310 5.50   -      # test configuration
320 0.00   -      # test configuration     
400 0.00   -      # test configuration 
#
300 2.00   -      # test configuration
310 6.00   -      # test configuration
320 0.00   -      # test configuration
400 0.50   -      # test configuration    
#
300 2.00   -      # test configuration
310 6.00   -      # test configuration
320 0.00   -      # test configuration
400 2.00   -      # test configuration    
[KBdesign]
s                 # local orbital
1                 # number of aug. operators
au -105.01 3.375  15.52  # unit(gp or au)  left  right  height(Ry)

### AE report ########################################

 AE:Orbital    Filling       Eigenvalues[Ry]          Norm
    ----------------------------------------------------------
	100	 2.000	    -299.7695015632
	200	 2.000	     -34.6778396876
	210	 6.000	     -28.2960176905
	300	 2.000	      -5.4976159906	  0.0109426752
	310	 6.000	      -3.6947141278	  0.0125542738
	320	 0.000	      -0.6139891390	  0.3772380705
	400	 0.100	      -0.8303177093	  0.0791573788

      E_tot =    -1352.3917238020 Ry

### PS report ########################################



 NOTICE!! :Ghost testing not done for HF psps yet, sorry :( 
    ====================Optimized pseudopotential method====================

                       Pseudopotential convergence error                      
    Orbital      [mRy/e]       [meV/e]         [mRy]        [meV]        Ghost
    --------------------------------------------------------------------------
	100       0.009984      0.135843      0.019969      0.271687	   ???
	210       0.008279      0.112646      0.049676      0.675873	   ???
	320       0.019199      0.261214      0.000000      0.000000	   ???

                  Tot. error =               0.069644      0.947560


### NL/SL report #####################################



 NOTICE!! :Ghost testing not done for HF psps yet, sorry :( 

 SL:Orbital    Filling       Eigenvalues[Ry]          Norm       Ghost
    ------------------------------------------------------------------
	100 	 2.000	      -5.4345285867	  0.0110806562	   ???
	210 	 6.000	      -3.6317182737	  0.0127336280	   ???
	320 	 0.000	      -0.5601382536	  0.3967052740	   ???
	200 	 0.100	      -0.8994938940	  0.0923552042	   ???

      E_tot =      -72.5298311491 Ry

### KE report ########################################

	 ===   Ecut necessary for ~1    eV convergence error / electron === 
	 --------------------------------------------------------------- 
		 	 Ecut[Ry] 	 error [meV/e] 
	100  		   7 	          956.701 
	210  		   25 	          974.862 
	320  		   28 	          969.941 
	200  		   7 	          956.701 
	 ===   Ecut necessary for ~100 meV convergence error / electron === 
	 --------------------------------------------------------------- 
		 	 Ecut[Ry] 	 error [meV/e] 
	100  		   10 	           89.161 
	210  		   35 	           96.445 
	320  		   37 	           98.891 
	200  		   10 	           89.161 

	 ===   Ecut necessary for  ~10 meV convergence error / electron === 
	 --------------------------------------------------------------- 
		 	 Ecut[Ry] 	 error [meV/e] 
	100  		   33 	            9.748 
	210  		   41 	            9.697 
	320  		   43 	            9.296 
	200  		   33 	            9.748 

	 ===   Ecut necessary for   ~1 meV convergence error / electron === 
	 --------------------------------------------------------------- 
		 	 Ecut[Ry] 	 error [meV/e] 
	100  		   44 	            0.949 
	210  		   46 	            0.997 
	320  		   47 	            0.878 
	200  		   44 	            0.949 

### TC report ########################################

 AE:Orbital    Filling       Eigenvalues[Ry]          Norm
    ----------------------------------------------------------
	100	 2.000	    -300.6032964396
	200	 2.000	     -35.4783380959
	210	 6.000	     -29.0963207009
	300	 2.000	      -6.1412167333	  0.0091610477
	310	 5.500	      -4.3066901365	  0.0097213992
	320	 0.000	      -1.1198036617	  0.1963394891
	400	 0.000	      -1.1373956545	  0.0393805919

      E_tot =    -1350.4516481089 Ry


 NOTICE!! :Ghost testing not done for HF psps yet, sorry :( 

 SL:Orbital    Filling       Eigenvalues[Ry]          Norm       Ghost
    ------------------------------------------------------------------
	100 	 2.000	      -6.0868149536	  0.0090290251	   ???
	210 	 5.500	      -4.2441089137	  0.0097636851	   ???
	320 	 0.000	      -1.0539543708	  0.2106166278	   ???
	200 	 0.000	      -1.2411054762	  0.0263915542	   ???

      E_tot =      -70.6120168322 Ry

 AE-SL:Orbital Filling       Eigenvalues[mRy]         Norm[1e-3] 
 AE-SL- --------------------------------------------------------------
 AE-SL- 100 	 2.000	     -54.4017796783	  0.1320225351	
 AE-SL- 210 	 5.500	     -62.5812228020	 -0.0422859514	
 AE-SL- 320 	 0.000	     -65.8492909289	-14.2771387684	
 AE-SL- 200 	 0.000	     103.7098217276	 12.9890377039	
 AE-SL-  total error =	     286.5421151368	 27.4404849587

 =====================================================================
 AE:Orbital    Filling       Eigenvalues[Ry]          Norm
    ----------------------------------------------------------
	100	 2.000	    -299.5248080794
	200	 2.000	     -34.4360543153
	210	 6.000	     -28.0527403684
	300	 2.000	      -5.2634084996	  0.0110228949
	310	 6.000	      -3.4586938791	  0.0130589270
	320	 0.000	      -0.4095271545	  0.4586828103
	400	 0.500	      -0.8312984004	  0.0786982448

      E_tot =    -1352.7240493146 Ry


 NOTICE!! :Ghost testing not done for HF psps yet, sorry :( 

 SL:Orbital    Filling       Eigenvalues[Ry]          Norm       Ghost
    ------------------------------------------------------------------
	100 	 2.000	      -5.1805202201	  0.0111785567	   ???
	210 	 6.000	      -3.3727056904	  0.0135319460	   ???
	320 	 0.000	      -0.3489293148	  0.5089975634	   ???
	200 	 0.500	      -0.9025935975	  0.0889569418	   ???

      E_tot =      -72.8836588116 Ry

 AE-SL:Orbital Filling       Eigenvalues[mRy]         Norm[1e-3] 
 AE-SL- --------------------------------------------------------------
 AE-SL- 100 	 2.000	     -82.8882795260	 -0.1556618110	
 AE-SL- 210 	 6.000	     -85.9881886808	 -0.4730190736	
 AE-SL- 320 	 0.000	     -60.5978397954	-50.3147531346	
 AE-SL- 200 	 0.500	      71.2951971170	-10.2586969848	
 AE-SL-  total error =	     300.7695051192	 61.2021310041

 =====================================================================
 AE:Orbital    Filling       Eigenvalues[Ry]          Norm
    ----------------------------------------------------------
	100	 2.000	    -298.7274512509
	200	 2.000	     -33.6454881936
	210	 6.000	     -27.2585380478
	300	 2.000	      -4.4907519121	  0.0111336861
	310	 6.000	      -2.6814138595	  0.0145357575
	320	 0.000	      -0.0002040816	  0.8656195163
	400	 2.000	      -0.3910593972	  0.1666659339

      E_tot =    -1353.5163662194 Ry


 NOTICE!! :Ghost testing not done for HF psps yet, sorry :( 

 SL:Orbital    Filling       Eigenvalues[Ry]          Norm       Ghost
    ------------------------------------------------------------------
	100 	 2.000	      -4.5034623585	  0.0112707736	   ???
	210 	 6.000	      -2.6900825203	  0.0149776816	   ???
	320 	 0.000	      -0.0001000000	  0.8352278043	   ???
	200 	 2.000	      -0.5007200447	  0.3473337548	   ???

      E_tot =      -73.8006791236 Ry

 AE-SL:Orbital Filling       Eigenvalues[mRy]         Norm[1e-3] 
 AE-SL- --------------------------------------------------------------
 AE-SL- 100 	 2.000	      12.7104464134	 -0.1370874732	
 AE-SL- 210 	 6.000	       8.6686608309	 -0.4419240580	
 AE-SL- 320 	 0.000	      -0.1040816327	 30.3917120420	
 AE-SL- 200 	 2.000	     109.6606474995	-180.6678208176	
 AE-SL-  total error =	     131.1438363765	211.6385443909

 =====================================================================

  Comparison of total energy differences.           
   DD_ij = (E_i - E_j)_AE - (E_i-E_j)_SL     

 AE-SL-   i   j         DD[mRy]        DD[meV] 
 AE-SL- ------------------------------------------
 AE-SL-   0   1       -22.261376    -302.881606
 AE-SL-   0   2       -21.502150    -292.551800
 AE-SL-   0   3      -146.205557   -1989.228947
 AE-SL-   1   2         0.759226      10.329806
 AE-SL-   1   3      -123.944181   -1686.347341
 AE-SL-   2   3      -124.703407   -1696.677147
