##########################################################
#    Opium Report File                                   #
##########################################################
     Opium version:        3.8

### copy of the parameter file #######################

[Atom]
Ca                 # chemical symbol (max. 2 characters)
7                 # norb: number of orbitals
100 2.00   -       # reference configuration
200 2.00   -      # reference configuration
210 6.00   -      # reference configuration
300 2.00   -      # reference configuration
310 6.00   -       # reference configuration
320 0.00   -   
400 0.50   -      # reference configuration
[Pseudo]
3  2.72 2.80 4.44
opt
[XC]
hf
[Optinfo]
7.07  10    # rc[a.u.]  Qc[sqrt(Ry)]  Nb
7.07  10    # rc[a.u.]  Qc[sqrt(Ry)]  Nb
7.07  10    # rc[a.u.]  Qc[sqrt(Ry)]  Nb
[Configs]
2                 # number of valence configurations
#
310 6.00   -       # reference configuration
320 0.00   -      # test configuration     
400 0.51   -      # test configuration 
#
310 6.00   -       # reference configuration
320 0.00   -      # test configuration
400 0.80   -      # test configuration    
#
310 6.00   -       # reference configuration
320 0.00   -      # test configuration
400 2.00   -      # test configuration    

### AE report ########################################

 AE:Orbital    Filling       Eigenvalues[Ry]          Norm
    ----------------------------------------------------------
	100	 2.000	    -299.5248079251
	200	 2.000	     -34.4360542176
	210	 6.000	     -28.0527402778
	300	 2.000	      -5.2634084687
	400	 0.500	      -0.8312983983	  0.2747702124
	310	 6.000	      -3.4586938579	  0.0130589270
	320	 0.000	      -0.4095271516	  0.4587425934

      E_tot =    -1352.7240477303 Ry

### PS report ########################################



 NOTICE!! :Ghost testing not done for HF psps yet, sorry :( 
    ====================Optimized pseudopotential method====================

                       Pseudopotential convergence error                      
    Orbital      [mRy/e]       [meV/e]         [mRy]        [meV]        Ghost
    --------------------------------------------------------------------------
	100       0.000047      0.000636      0.000023      0.000318	   ???
	210       0.008122      0.110508      0.048733      0.663047	   ???
	320       0.018078      0.245961      0.000000      0.000000	   ???

                  Tot. error =               0.048756      0.663365


### NL/SL report #####################################



 NOTICE!! :Ghost testing not done for HF psps yet, sorry :( 

 SL:Orbital    Filling       Eigenvalues[Ry]          Norm       Ghost
    ------------------------------------------------------------------
	100 	 0.500	      -0.8312983970	  0.2747702504	   ???
	210 	 6.000	      -3.4586938455	  0.0130589261	   ???
	320 	 0.000	      -0.4095271121	  0.4587423039	   ???

      E_tot =      -43.9808211443 Ry

### KE report ########################################

	 ===   Ecut necessary for ~1    eV convergence error / electron === 
	 --------------------------------------------------------------- 
		 	 Ecut[Ry] 	 error [meV/e] 
	100  		   0 	          908.953 
	210  		   25 	          969.995 
	320  		   27 	          948.723 
	 ===   Ecut necessary for ~100 meV convergence error / electron === 
	 --------------------------------------------------------------- 
		 	 Ecut[Ry] 	 error [meV/e] 
	100  		   3 	           85.773 
	210  		   35 	           95.827 
	320  		   36 	           96.289 

	 ===   Ecut necessary for  ~10 meV convergence error / electron === 
	 --------------------------------------------------------------- 
		 	 Ecut[Ry] 	 error [meV/e] 
	100  		   4 	            9.682 
	210  		   41 	            9.607 
	320  		   43 	            9.931 

	 ===   Ecut necessary for   ~1 meV convergence error / electron === 
	 --------------------------------------------------------------- 
		 	 Ecut[Ry] 	 error [meV/e] 
	100  		   10 	            0.975 
	210  		   46 	            0.982 
	320  		   47 	            0.749 

### TC report ########################################

 AE:Orbital    Filling       Eigenvalues[Ry]          Norm
    ----------------------------------------------------------
	100	 2.000	    -299.5186885260
	200	 2.000	     -34.4300073800
	210	 6.000	     -28.0466560528
	300	 2.000	      -5.2575499444
	400	 0.510	      -0.8313237919	  0.2747437829
	310	 6.000	      -3.4527902556	  0.0130719903
	320	 0.000	      -0.4045286649	  0.4612866327

      E_tot =    -1352.7323612084 Ry


 NOTICE!! :Ghost testing not done for HF psps yet, sorry :( 

 SL:Orbital    Filling       Eigenvalues[Ry]          Norm       Ghost
    ------------------------------------------------------------------
	100 	 0.510	      -0.8313333416	  0.2747344092	   ???
	210 	 6.000	      -3.4529837442	  0.0130748768	   ???
	320 	 0.000	      -0.4045842819	  0.4611829775	   ???

      E_tot =      -43.9891342879 Ry

 AE-SL:Orbital Filling       Eigenvalues[mRy]         Norm[1e-3] 
 AE-SL- --------------------------------------------------------------
 AE-SL- 100 	 0.510	       0.0095496741	  0.0093737308	
 AE-SL- 210 	 6.000	       0.1934885428	 -0.0028864704	
 AE-SL- 320 	 0.000	       0.0556170252	  0.1036551152	
 AE-SL-  total error =	       0.2586552421	  0.1159153164

 =====================================================================
 AE:Orbital    Filling       Eigenvalues[Ry]          Norm
    ----------------------------------------------------------
	100	 2.000	    -299.3411815376
	200	 2.000	     -34.2545998420
	210	 6.000	     -27.8701583227
	300	 2.000	      -5.0875766001
	400	 0.800	      -0.8320826434	  0.2739585129
	310	 6.000	      -3.2815157800	  0.0134609283
	320	 0.000	      -0.2633538491	  0.5565097678

      E_tot =    -1352.9735539135 Ry


 NOTICE!! :Ghost testing not done for HF psps yet, sorry :( 

 SL:Orbital    Filling       Eigenvalues[Ry]          Norm       Ghost
    ------------------------------------------------------------------
	100 	 0.800	      -0.8323688900	  0.2736777448	   ???
	210 	 6.000	      -3.2873082189	  0.0135499920	   ???
	320 	 0.000	      -0.2646843212	  0.5511785579	   ???

      E_tot =      -44.2303697477 Ry

 AE-SL:Orbital Filling       Eigenvalues[mRy]         Norm[1e-3] 
 AE-SL- --------------------------------------------------------------
 AE-SL- 100 	 0.800	       0.2862466795	  0.2807680852	
 AE-SL- 210 	 6.000	       5.7924389193	 -0.0890636657	
 AE-SL- 320 	 0.000	       1.3304721786	  5.3312099384	
 AE-SL-  total error =	       7.4091577775	  5.7010416893

 =====================================================================

  Comparison of total energy differences.           
   DD_ij = (E_i - E_j)_AE - (E_i-E_j)_SL     

 AE-SL-   i   j         DD[mRy]        DD[meV] 
 AE-SL- ------------------------------------------
 AE-SL-   0   1         0.000335       0.004552
 AE-SL-   0   2        -0.042420      -0.577156
 AE-SL-   1   2        -0.042755      -0.581707
