##########################################################
#    Opium Report File                                   #
##########################################################
     Opium version:        3.8

### copy of the parameter file #######################

[Atom]
N  
3
100   2.00   -
200   2.00   -
210   3.00   -

[Pseudo]
2  1.35 1.54
opt

[Optinfo]
7.07  10
7.07  10
conmax

[Configs]
2
#
200  2.00  -
210  3.20  -
#
200  2.00  -
210  3.40  -

[XC]
gga

### AE report ########################################

 AE:Orbital    Filling       Eigenvalues[Ry]          Norm
    ----------------------------------------------------------
	100	 2.000	     -28.2586484583
	200	 2.000	      -1.3639799344	  0.4140775697
	210	 3.000	      -0.5214789355	  0.3881214159

      E_tot =     -108.8421703877 Ry

### PS report ########################################

    ====================Optimized pseudopotential method====================

                       Pseudopotential convergence error                      
    Orbital      [mRy/e]       [meV/e]         [mRy]        [meV]        Ghost
    --------------------------------------------------------------------------
	200       0.064690      0.880150      0.129380      1.760300	    no
	210       0.106898      1.454421      0.320694      4.363263	    no

                  Tot. error =               0.450073      6.123563


### NL/SL report #####################################


 NL:Orbital    Filling       Eigenvalues[Ry]          Norm       Ghost
    ------------------------------------------------------------------
	100 	 2.000	      -1.3639799344	  0.4140775319	    no
	210 	 3.000	      -0.5214789355	  0.3881213608	    no

	 ========== No ghosts in potential!!========== 

      E_tot =      -19.2036948611 Ry

### KE report ########################################

	 ===   Ecut necessary for ~1    eV convergence error / electron === 
	 --------------------------------------------------------------- 
		 	 Ecut[Ry] 	 error [meV/e] 
	100  		   6 	          991.205 
	210  		   25 	          950.100 
	 ===   Ecut necessary for ~100 meV convergence error / electron === 
	 --------------------------------------------------------------- 
		 	 Ecut[Ry] 	 error [meV/e] 
	100  		   28 	           95.632 
	210  		   36 	           88.817 

	 ===   Ecut necessary for  ~10 meV convergence error / electron === 
	 --------------------------------------------------------------- 
		 	 Ecut[Ry] 	 error [meV/e] 
	100  		   39 	            9.477 
	210  		   44 	            8.711 

	 ===   Ecut necessary for   ~1 meV convergence error / electron === 
	 --------------------------------------------------------------- 
		 	 Ecut[Ry] 	 error [meV/e] 
	100  		   48 	            0.940 
	210  		   52 	            0.972 

### TC report ########################################

 AE:Orbital    Filling       Eigenvalues[Ry]          Norm
    ----------------------------------------------------------
	100	 2.000	     -28.0610427776
	200	 2.000	      -1.1912625456	  0.4215382927
	210	 3.200	      -0.3555038860	  0.4098117552

      E_tot =     -108.9296482198 Ry

 NL:Orbital    Filling       Eigenvalues[Ry]          Norm       Ghost
    ------------------------------------------------------------------
	100 	 2.000	      -1.1909448029	  0.4216098985	    no
	210 	 3.200	      -0.3556965640	  0.4094680366	    no

      E_tot =      -19.2911954457 Ry

 AE-NL:Orbital Filling       Eigenvalues[mRy]         Norm[1e-3] 
 AE-NL- --------------------------------------------------------------
 AE-NL- 100 	 2.000	      -0.3177426569	 -0.0716058498	
 AE-NL- 210 	 3.200	       0.1926780249	  0.3437186030	
 AE-NL-  total error =	       0.5104206818	  0.4153244527

 =====================================================================
 AE:Orbital    Filling       Eigenvalues[Ry]          Norm
    ----------------------------------------------------------
	100	 2.000	     -27.8833745472
	200	 2.000	      -1.0319077274	  0.4279984635
	210	 3.400	      -0.2033635497	  0.4322178707

      E_tot =     -108.9852839155 Ry

 NL:Orbital    Filling       Eigenvalues[Ry]          Norm       Ghost
    ------------------------------------------------------------------
	100 	 2.000	      -1.0312848940	  0.4281374245	    no
	210 	 3.400	      -0.2035711417	  0.4316315836	    no

      E_tot =      -19.3468736502 Ry

 AE-NL:Orbital Filling       Eigenvalues[mRy]         Norm[1e-3] 
 AE-NL- --------------------------------------------------------------
 AE-NL- 100 	 2.000	      -0.6228333678	 -0.1389609403	
 AE-NL- 210 	 3.400	       0.2075919953	  0.5862870899	
 AE-NL-  total error =	       0.8304253631	  0.7252480302

 =====================================================================

  Comparison of total energy differences.           
   DD_ij = (E_i - E_j)_AE - (E_i-E_j)_NL     

 AE-NL-   i   j         DD[mRy]        DD[meV] 
 AE-NL- ------------------------------------------
 AE-NL-   0   1        -0.022752      -0.309562
 AE-NL-   0   2        -0.065261      -0.887924
 AE-NL-   1   2        -0.042509      -0.578362
