##########################################################
#    Opium Report File                                   #
##########################################################
     Opium version:        3.8

### copy of the parameter file #######################

[Atom]
Li
3
100   2.00   -
200   0.00   -
210   0.00   -

[Pseudo]
3 1.55 1.20 1.60
opt

[Optinfo]
7.07  10
7.07  10
7.07  10
conmax

[Configs]
3
#
100  2.00  -
200  1.00  -
210  0.00  -
#
100  2.00  -
200  0.50  -
210  0.00  -
#
100  2.00  -
200  0.00  -
210  0.00  -


[KBdesign]
p                 # local orbital
1                 # number of aug. operators
au 0.01 1.62 -0.22  # unit(gp or au)  left  right  height(Ry)

[XC]
gga

### AE report ########################################

 AE:Orbital    Filling       Eigenvalues[Ry]          Norm
    ----------------------------------------------------------
	100	 2.000	      -4.4400272709	  0.0183766946
	210	 0.000	      -0.3490878413	  0.8928788862
	200	 0.000	      -0.4991867162	  0.9655792007

      E_tot =      -14.5135333441 Ry

### PS report ########################################

    ====================Optimized pseudopotential method====================

                       Pseudopotential convergence error                      
    Orbital      [mRy/e]       [meV/e]         [mRy]        [meV]        Ghost
    --------------------------------------------------------------------------
	100       0.065733      0.894347      0.131466      1.788693	    no
	210       0.010465      0.142387      0.000000      0.000000	    no

                  Tot. error =               0.131466      1.788693


### NL/SL report #####################################


 NL:Orbital    Filling       Eigenvalues[Ry]          Norm       Ghost
    ------------------------------------------------------------------
	100 	 2.000	      -4.4400272774	  0.0183767587	    no
	210 	 0.000	      -0.3490878424	  0.8928765660	    no
	200 	 0.000	      -0.4983341897	  0.9703090036	    no

	 ========== No ghosts in potential!!========== 

      E_tot =      -13.6232597238 Ry

### KE report ########################################

	 ===   Ecut necessary for ~1    eV convergence error / electron === 
	 --------------------------------------------------------------- 
		 	 Ecut[Ry] 	 error [meV/e] 
	100  		   27 	          977.403 
	210  		   3 	          977.257 
	200  		   27 	          977.403 
	 ===   Ecut necessary for ~100 meV convergence error / electron === 
	 --------------------------------------------------------------- 
		 	 Ecut[Ry] 	 error [meV/e] 
	100  		   36 	           99.920 
	210  		   11 	           99.247 
	200  		   36 	           99.920 

	 ===   Ecut necessary for  ~10 meV convergence error / electron === 
	 --------------------------------------------------------------- 
		 	 Ecut[Ry] 	 error [meV/e] 
	100  		   44 	            8.984 
	210  		   26 	            9.946 
	200  		   44 	            8.984 

	 ===   Ecut necessary for   ~1 meV convergence error / electron === 
	 --------------------------------------------------------------- 
		 	 Ecut[Ry] 	 error [meV/e] 
	100  		   50 	            0.919 
	210  		   40 	            0.915 
	200  		   50 	            0.919 

### TC report ########################################

 AE:Orbital    Filling       Eigenvalues[Ry]          Norm
    ----------------------------------------------------------
	100	 2.000	      -3.8109655445	  0.0192824010
	210	 0.000	      -0.0801254600	  0.9672201375
	200	 1.000	      -0.2112329678	  0.9818963733

      E_tot =      -14.9027936285 Ry

 NL:Orbital    Filling       Eigenvalues[Ry]          Norm       Ghost
    ------------------------------------------------------------------
	100 	 2.000	      -3.8182908583	  0.0191918280	    no
	210 	 0.000	      -0.0800650600	  0.9671476345	    no
	200 	 1.000	      -0.2119342267	  0.9838306922	    no

      E_tot =      -14.0130937015 Ry

 AE-NL:Orbital Filling       Eigenvalues[mRy]         Norm[1e-3] 
 AE-NL- --------------------------------------------------------------
 AE-NL- 100 	 2.000	       7.3253137630	  0.0905729427	
 AE-NL- 210 	 0.000	      -0.0603999947	  0.0725030493	
 AE-NL- 200 	 1.000	       0.7012589068	 -1.9343189022	
 AE-NL-  total error =	       8.0869726645	  2.0973948942

 =====================================================================
 AE:Orbital    Filling       Eigenvalues[Ry]          Norm
    ----------------------------------------------------------
	100	 2.000	      -4.0978794237	  0.0190801555
	210	 0.000	      -0.2458213884	  0.9417374634
	200	 0.500	      -0.3926575222	  0.9762648469

      E_tot =      -14.7522326056 Ry

 NL:Orbital    Filling       Eigenvalues[Ry]          Norm       Ghost
    ------------------------------------------------------------------
	100 	 2.000	      -4.1030881882	  0.0190249063	    no
	210 	 0.000	      -0.2460869893	  0.9416260926	    no
	200 	 0.500	      -0.3934173577	  0.9790248507	    no

      E_tot =      -13.8621434603 Ry

 AE-NL:Orbital Filling       Eigenvalues[mRy]         Norm[1e-3] 
 AE-NL- --------------------------------------------------------------
 AE-NL- 100 	 2.000	       5.2087645349	  0.0552491362	
 AE-NL- 210 	 0.000	       0.2656009602	  0.1113708311	
 AE-NL- 200 	 0.500	       0.7598355364	 -2.7600037958	
 AE-NL-  total error =	       6.2342010314	  2.9266237632

 =====================================================================
 AE:Orbital    Filling       Eigenvalues[Ry]          Norm
    ----------------------------------------------------------
	100	 2.000	      -4.4400272709	  0.0183766946
	210	 0.000	      -0.3490878413	  0.8928788862
	200	 0.000	      -0.4991867162	  0.9655792007

      E_tot =      -14.5135333441 Ry

 NL:Orbital    Filling       Eigenvalues[Ry]          Norm       Ghost
    ------------------------------------------------------------------
	100 	 2.000	      -4.4400272774	  0.0183767587	    no
	210 	 0.000	      -0.3490878424	  0.8928765660	    no
	200 	 0.000	      -0.4983341897	  0.9703090036	    no

      E_tot =      -13.6232597238 Ry

 AE-NL:Orbital Filling       Eigenvalues[mRy]         Norm[1e-3] 
 AE-NL- --------------------------------------------------------------
 AE-NL- 100 	 2.000	       0.0000064526	 -0.0000640634	
 AE-NL- 210 	 0.000	       0.0000011658	  0.0023201850	
 AE-NL- 200 	 0.000	      -0.8525265174	 -4.7298029241	
 AE-NL-  total error =	       0.8525341358	  4.7321871725

 =====================================================================

  Comparison of total energy differences.           
   DD_ij = (E_i - E_j)_AE - (E_i-E_j)_NL     

 AE-NL-   i   j         DD[mRy]        DD[meV] 
 AE-NL- ------------------------------------------
 AE-NL-   0   1        -0.573693      -7.805498
 AE-NL-   0   2        -0.184475      -2.509911
 AE-NL-   0   3         0.000000       0.000000
 AE-NL-   1   2         0.389218       5.295588
 AE-NL-   1   3         0.573693       7.805498
 AE-NL-   2   3         0.184475       2.509911
