##########################################################
#    Opium Report File                                   #
##########################################################
     Opium version:        3.8

### copy of the parameter file #######################

[Atom]
Ar                 # chemical symbol (max. 2 characters)
7                 # norb: number of orbitals
100 2.00  -       # reference configuration
200 2.00  -       # reference configuration
210 6.00  -       # reference configuration
300 2.00  -       # reference configuration
310 5.00  -       # reference configuration
400 0.00  -
320 0.00  -

[Pseudo]
4  1.58 1.35 1.05 3.07
opt

[XC]
hf
                                                                                                                 
[Optinfo]
7.07  10    # rc[a.u.]  Qc[sqrt(Ry)]  Nb
7.07  10    # rc[a.u.]  Qc[sqrt(Ry)]  Nb
7.07  10    # rc[a.u.]  Qc[sqrt(Ry)]  Nb
7.07  10    # rc[a.u.]  Qc[sqrt(Ry)]  Nb
[Configs]  
2                 # number of valence configurations
#
300 2.00   -1.4   # test configuration
310 5.50   -0.4   # test configuration
400 0.60   -
320 0.00  -
#
300 2.00   -1.4   # test configuration
310 5.00   -0.4   # test configuration
400 0.00   -
320 1.00  -

[KBdesign]
0  # local orbital [0..lmax]
0  # number of boxes
au      0.1 1.25 5.79

### AE report ########################################

 AE:Orbital    Filling       Eigenvalues[Ry]          Norm
    ----------------------------------------------------------
	100	 2.000	    -238.2665479641
	200	 2.000	     -25.6716141418
	210	 6.000	     -20.1666930191
	300	 2.000	      -3.4223294252	  0.3171209652
	310	 5.000	      -2.0906763696	  0.5918095974
	320	 0.000	      -0.1170261866	  0.9716398742
	400	 0.000	      -0.2806283517	  0.9898942021

      E_tot =    -1052.5490685420 Ry

### PS report ########################################



 NOTICE!! :Ghost testing not done for HF psps yet, sorry :( 
    ====================Optimized pseudopotential method====================

                       Pseudopotential convergence error                      
    Orbital      [mRy/e]       [meV/e]         [mRy]        [meV]        Ghost
    --------------------------------------------------------------------------
	100       0.016916      0.230157      0.033833      0.460315	   ???
	210       0.116607      1.586525      0.583037      7.932623	   ???
	320       0.005229      0.071147      0.000000      0.000000	   ???

                  Tot. error =               0.616869      8.392938


### NL/SL report #####################################



 NOTICE!! :Ghost testing not done for HF psps yet, sorry :( 

 SL:Orbital    Filling       Eigenvalues[Ry]          Norm       Ghost
    ------------------------------------------------------------------
	100 	 2.000	      -3.4223292348	  0.3171210045	   ???
	210 	 5.000	      -2.0906761873	  0.5918096023	   ???
	320 	 0.000	      -0.1170276601	  0.9716419018	   ???
	200 	 0.000	      -0.2783595588	  0.9891504783	   ???

      E_tot =      -40.4894313568 Ry

### KE report ########################################

	 ===   Ecut necessary for ~1    eV convergence error / electron === 
	 --------------------------------------------------------------- 
		 	 Ecut[Ry] 	 error [meV/e] 
	100  		   20 	          942.845 
	210  		   10 	          956.952 
	320  		   397 	          927.407 
	200  		   20 	          942.845 
	 ===   Ecut necessary for ~100 meV convergence error / electron === 
	 --------------------------------------------------------------- 
		 	 Ecut[Ry] 	 error [meV/e] 
	100  		   30 	           93.566 
	210  		   16 	           93.368 
	320  		   398 	           75.106 
	200  		   30 	           93.566 

	 ===   Ecut necessary for  ~10 meV convergence error / electron === 
	 --------------------------------------------------------------- 
		 	 Ecut[Ry] 	 error [meV/e] 
	100  		   38 	            9.484 
	210  		   39 	            9.600 
	320  		   -----  >400 Ry   -----
	200  		   38 	            9.484 

	 ===   Ecut necessary for   ~1 meV convergence error / electron === 
	 --------------------------------------------------------------- 
		 	 Ecut[Ry] 	 error [meV/e] 
	100  		   45 	            0.990 
	210  		   52 	            0.976 
	320  		   -----  >400 Ry   -----
	200  		   45 	            0.990 

### TC report ########################################

 AE:Orbital    Filling       Eigenvalues[Ry]          Norm
    ----------------------------------------------------------
	100	 2.000	    -237.4874565225
	200	 2.000	     -24.9025399969
	210	 6.000	     -19.3984209069
	300	 2.000	      -2.7351973569	  0.3317443368
	310	 5.500	      -1.3538874856	  0.6164679723
	320	 0.000	      -0.0002040816	  0.9993611167
	400	 0.600	      -0.2897329595	  0.9858837566

      E_tot =    -1053.2396841902 Ry


 NOTICE!! :Ghost testing not done for HF psps yet, sorry :( 

 SL:Orbital    Filling       Eigenvalues[Ry]          Norm       Ghost
    ------------------------------------------------------------------
	100 	 2.000	      -2.7358230990	  0.3317182325	   ???
	210 	 5.500	      -1.3541363294	  0.6162848146	   ???
	320 	 0.000	      -0.0001000000	  0.9993633147	   ???
	200 	 0.600	      -0.2875776805	  0.9848651131	   ???

      E_tot =      -41.1821226743 Ry

 AE-SL:Orbital Filling       Eigenvalues[mRy]         Norm[1e-3] 
 AE-SL- --------------------------------------------------------------
 AE-SL- 100 	 2.000	       0.6257420481	  0.0261042600	
 AE-SL- 210 	 5.500	       0.2488438291	  0.1831576880	
 AE-SL- 320 	 0.000	      -0.1040816327	 -0.0021980546	
 AE-SL- 200 	 0.600	      -2.1552790008	  1.0186435537	
 AE-SL-  total error =	       3.1339465107	  1.2301035562

 =====================================================================
 AE:Orbital    Filling       Eigenvalues[Ry]          Norm
    ----------------------------------------------------------
	100	 2.000	    -238.0085227765
	200	 2.000	     -25.4123887763
	210	 6.000	     -19.9075789711
	300	 2.000	      -3.1622375726	  0.3174854413
	310	 5.000	      -1.8314552518	  0.5925300163
	320	 1.000	      -0.1171200991	  0.9712299959
	400	 0.000	      -0.0597995107	  0.9926214442

      E_tot =    -1052.6661438534 Ry


 NOTICE!! :Ghost testing not done for HF psps yet, sorry :( 

 SL:Orbital    Filling       Eigenvalues[Ry]          Norm       Ghost
    ------------------------------------------------------------------
	100 	 2.000	      -3.1622485526	  0.3174846832	   ???
	210 	 5.000	      -1.8314908346	  0.5925264781	   ???
	320 	 1.000	      -0.1171205620	  0.9712113585	   ???
	200 	 0.000	      -0.2806283517	  0.9992363251	   ???

      E_tot =      -40.6065039454 Ry

 AE-SL:Orbital Filling       Eigenvalues[mRy]         Norm[1e-3] 
 AE-SL- --------------------------------------------------------------
 AE-SL- 100 	 2.000	       0.0109800346	  0.0007580837	
 AE-SL- 210 	 5.000	       0.0355828759	  0.0035381490	
 AE-SL- 320 	 1.000	       0.0004629796	  0.0186373427	
 AE-SL- 200 	 0.000	     220.8288410120	 -6.6148808271	
 AE-SL-  total error =	     220.8758669022	  6.6378144026

 =====================================================================

  Comparison of total energy differences.           
   DD_ij = (E_i - E_j)_AE - (E_i-E_j)_SL     

 AE-SL-   i   j         DD[mRy]        DD[meV] 
 AE-SL- ------------------------------------------
 AE-SL-   0   1        -2.075669     -28.240933
 AE-SL-   0   2         0.002723       0.037047
 AE-SL-   1   2         2.078392      28.277980
