##########################################################
#    Opium Report File                                   #
##########################################################
     Opium version:        3.8

### copy of the parameter file #######################

[Atom]
B  
3
100   2.00   -
200   2.00   -
210   0.00   -

[Pseudo]
2  1.54 1.82
opt

[Optinfo]
7.07  10
7.07  10
conmax

[Configs]
3
#
200  2.00  -
210  0.00  -
#
200  2.00  -
210  0.50  -
#
200  2.00  -
210  1.00  -
[XC]
gga

### AE report ########################################

 AE:Orbital    Filling       Eigenvalues[Ry]          Norm
    ----------------------------------------------------------
	100	 2.000	     -14.2275224720
	200	 2.000	      -1.4336072526	  0.5907420936
	210	 0.000	      -0.9824191674	  0.4490381900

      E_tot =      -48.5869683693 Ry

### PS report ########################################

    ====================Optimized pseudopotential method====================

                       Pseudopotential convergence error                      
    Orbital      [mRy/e]       [meV/e]         [mRy]        [meV]        Ghost
    --------------------------------------------------------------------------
	200       0.002962      0.040305      0.005925      0.080609	    no
	210       0.095397      1.297937      0.000000      0.000000	    no

                  Tot. error =               0.005925      0.080609


### NL/SL report #####################################


 NL:Orbital    Filling       Eigenvalues[Ry]          Norm       Ghost
    ------------------------------------------------------------------
	100 	 2.000	      -1.4336072526	  0.5907430490	    no
	210 	 0.000	      -0.9824191674	  0.4490381611	    no

	 ========== No ghosts in potential!!========== 

      E_tot =       -4.5827701661 Ry

### KE report ########################################

	 ===   Ecut necessary for ~1    eV convergence error / electron === 
	 --------------------------------------------------------------- 
		 	 Ecut[Ry] 	 error [meV/e] 
	100  		   10 	          991.644 
	210  		   18 	          985.815 
	 ===   Ecut necessary for ~100 meV convergence error / electron === 
	 --------------------------------------------------------------- 
		 	 Ecut[Ry] 	 error [meV/e] 
	100  		   23 	           94.315 
	210  		   33 	           92.046 

	 ===   Ecut necessary for  ~10 meV convergence error / electron === 
	 --------------------------------------------------------------- 
		 	 Ecut[Ry] 	 error [meV/e] 
	100  		   33 	            8.965 
	210  		   43 	            9.201 

	 ===   Ecut necessary for   ~1 meV convergence error / electron === 
	 --------------------------------------------------------------- 
		 	 Ecut[Ry] 	 error [meV/e] 
	100  		   40 	            0.944 
	210  		   51 	            0.987 

### TC report ########################################

 AE:Orbital    Filling       Eigenvalues[Ry]          Norm
    ----------------------------------------------------------
	100	 2.000	     -14.2275224720
	200	 2.000	      -1.4336072526	  0.5907420936
	210	 0.000	      -0.9824191674	  0.4490381900

      E_tot =      -48.5869683693 Ry

 NL:Orbital    Filling       Eigenvalues[Ry]          Norm       Ghost
    ------------------------------------------------------------------
	100 	 2.000	      -1.4336072526	  0.5907430490	    no
	210 	 0.000	      -0.9824191674	  0.4490381611	    no

      E_tot =       -4.5827701661 Ry

 AE-NL:Orbital Filling       Eigenvalues[mRy]         Norm[1e-3] 
 AE-NL- --------------------------------------------------------------
 AE-NL- 100 	 2.000	       0.0000000000	 -0.0009554160	
 AE-NL- 210 	 0.000	       0.0000000000	  0.0000289033	
 AE-NL-  total error =	       0.0000000000	  0.0009843193

 =====================================================================
 AE:Orbital    Filling       Eigenvalues[Ry]          Norm
    ----------------------------------------------------------
	100	 2.000	     -13.6988475379
	200	 2.000	      -1.0381602697	  0.6236972189
	210	 0.500	      -0.5945833451	  0.5179806040

      E_tot =      -48.9789660549 Ry

 NL:Orbital    Filling       Eigenvalues[Ry]          Norm       Ghost
    ------------------------------------------------------------------
	100 	 2.000	      -1.0385370554	  0.6227561963	    no
	210 	 0.500	      -0.5971806703	  0.5142673367	    no

      E_tot =       -4.9756829591 Ry

 AE-NL:Orbital Filling       Eigenvalues[mRy]         Norm[1e-3] 
 AE-NL- --------------------------------------------------------------
 AE-NL- 100 	 2.000	       0.3767856625	  0.9410226695	
 AE-NL- 210 	 0.500	       2.5973252433	  3.7132673697	
 AE-NL-  total error =	       2.9741109058	  4.6542900392

 =====================================================================
 AE:Orbital    Filling       Eigenvalues[Ry]          Norm
    ----------------------------------------------------------
	100	 2.000	     -13.2693730939
	200	 2.000	      -0.6937370544	  0.6519220187
	210	 1.000	      -0.2652560038	  0.5911511188

      E_tot =      -49.1912618120 Ry

 NL:Orbital    Filling       Eigenvalues[Ry]          Norm       Ghost
    ------------------------------------------------------------------
	100 	 2.000	      -0.6930164703	  0.6509555174	    no
	210 	 1.000	      -0.2670055129	  0.5863647206	    no

      E_tot =       -5.1891217646 Ry

 AE-NL:Orbital Filling       Eigenvalues[mRy]         Norm[1e-3] 
 AE-NL- --------------------------------------------------------------
 AE-NL- 100 	 2.000	      -0.7205840689	  0.9665012612	
 AE-NL- 210 	 1.000	       1.7495090943	  4.7863981847	
 AE-NL-  total error =	       2.4700931632	  5.7528994459

 =====================================================================

  Comparison of total energy differences.           
   DD_ij = (E_i - E_j)_AE - (E_i-E_j)_NL     

 AE-NL-   i   j         DD[mRy]        DD[meV] 
 AE-NL- ------------------------------------------
 AE-NL-   0   1         0.000000       0.000000
 AE-NL-   0   2        -0.915107     -12.450676
 AE-NL-   0   3        -2.058156     -28.002651
 AE-NL-   1   2        -0.915107     -12.450676
 AE-NL-   1   3        -2.058156     -28.002651
 AE-NL-   2   3        -1.143048     -15.551974
