##########################################################
#    Opium Report File                                   #
##########################################################
     Opium version:        3.8

### copy of the parameter file #######################

[Atom]
O  
3
100   2.00   -
200   2.00   -
210   4.00   -

[Pseudo]
2  1.34 1.53
opt

[Optinfo]
7.07  10
7.07  10
conmax

[Configs]
2
#
200  2.00  -
210  4.20  -
#
200  2.00  -
210  4.40  -

[XC]
hf

### AE report ########################################

 AE:Orbital    Filling       Eigenvalues[Ry]          Norm
    ----------------------------------------------------------
	100	 2.000	     -41.3617836233
	200	 2.000	      -2.5007292070	  0.2955325716
	210	 4.000	      -1.2323833519	  0.2751661348

      E_tot =     -149.5384028617 Ry

### PS report ########################################



 NOTICE!! :Ghost testing not done for HF psps yet, sorry :( 
    ====================Optimized pseudopotential method====================

                       Pseudopotential convergence error                      
    Orbital      [mRy/e]       [meV/e]         [mRy]        [meV]        Ghost
    --------------------------------------------------------------------------
	100       0.067684      0.920893      0.135369      1.841786	   ???
	210       0.250321      3.405794      1.001285     13.623177	   ???

                  Tot. error =               1.136653     15.464963


### NL/SL report #####################################



 NOTICE!! :Ghost testing not done for HF psps yet, sorry :( 

 SL:Orbital    Filling       Eigenvalues[Ry]          Norm       Ghost
    ------------------------------------------------------------------
	100 	 2.000	      -2.5007291913	  0.2955325738	   ???
	210 	 4.000	      -1.2323833397	  0.2751669811	   ???

      E_tot =      -30.8632427417 Ry

### KE report ########################################

	 ===   Ecut necessary for ~1    eV convergence error / electron === 
	 --------------------------------------------------------------- 
		 	 Ecut[Ry] 	 error [meV/e] 
	100  		   7 	          903.731 
	210  		   28 	          993.808 
	 ===   Ecut necessary for ~100 meV convergence error / electron === 
	 --------------------------------------------------------------- 
		 	 Ecut[Ry] 	 error [meV/e] 
	100  		   23 	           99.807 
	210  		   38 	           87.638 

	 ===   Ecut necessary for  ~10 meV convergence error / electron === 
	 --------------------------------------------------------------- 
		 	 Ecut[Ry] 	 error [meV/e] 
	100  		   38 	            9.054 
	210  		   46 	            9.767 

	 ===   Ecut necessary for   ~1 meV convergence error / electron === 
	 --------------------------------------------------------------- 
		 	 Ecut[Ry] 	 error [meV/e] 
	100  		   48 	            0.920 
	210  		   98 	            0.991 

### TC report ########################################

 AE:Orbital    Filling       Eigenvalues[Ry]          Norm
    ----------------------------------------------------------
	100	 2.000	     -41.1633904816
	200	 2.000	      -2.3171144971	  0.3011147142
	210	 4.200	      -0.9699790537	  0.2969094748

      E_tot =     -149.5069153738 Ry


 NOTICE!! :Ghost testing not done for HF psps yet, sorry :( 

 SL:Orbital    Filling       Eigenvalues[Ry]          Norm       Ghost
    ------------------------------------------------------------------
	100 	 2.000	      -2.3125721593	  0.3016560564	   ???
	210 	 4.200	      -0.9708533621	  0.2956771606	   ???

      E_tot =      -30.8394497550 Ry

 AE-SL:Orbital Filling       Eigenvalues[mRy]         Norm[1e-3] 
 AE-SL- --------------------------------------------------------------
 AE-SL- 100 	 2.000	      -4.5423378229	 -0.5413422464	
 AE-SL- 210 	 4.200	       0.8743083927	  1.2323142026	
 AE-SL-  total error =	       5.4166462156	  1.7736564490

 =====================================================================
 AE:Orbital    Filling       Eigenvalues[Ry]          Norm
    ----------------------------------------------------------
	100	 2.000	     -40.9676273418
	200	 2.000	      -2.1378598170	  0.3066989348
	210	 4.400	      -0.7472229288	  0.3173806074

      E_tot =     -149.4973299853 Ry


 NOTICE!! :Ghost testing not done for HF psps yet, sorry :( 

 SL:Orbital    Filling       Eigenvalues[Ry]          Norm       Ghost
    ------------------------------------------------------------------
	100 	 2.000	      -2.1298345137	  0.3076939854	   ???
	210 	 4.400	      -0.7481686928	  0.3152151597	   ???

      E_tot =      -30.8349442448 Ry

 AE-SL:Orbital Filling       Eigenvalues[mRy]         Norm[1e-3] 
 AE-SL- --------------------------------------------------------------
 AE-SL- 100 	 2.000	      -8.0253032906	 -0.9950506670	
 AE-SL- 210 	 4.400	       0.9457639651	  2.1654477489	
 AE-SL-  total error =	       8.9710672557	  3.1604984159

 =====================================================================

  Comparison of total energy differences.           
   DD_ij = (E_i - E_j)_AE - (E_i-E_j)_SL     

 AE-SL-   i   j         DD[mRy]        DD[meV] 
 AE-SL- ------------------------------------------
 AE-SL-   0   1        -7.694501    -104.689074
 AE-SL-   0   2       -12.774379    -173.804374
 AE-SL-   1   2        -5.079878     -69.115300
