##########################################################
#    Opium Report File                                   #
##########################################################
     Opium version:        3.8

### copy of the parameter file #######################

[Atom]
K                 # chemical symbol (max. 2 characters)
7                 # norb: number of orbitals
100 2.00   -       # reference configuration
200 2.00   -      # reference configuration
210 6.00   -      # reference configuration
300 2.00   -      # reference configuration
310 6.00   -       # reference configuration
320 0.00   -   
400 0.00   -      # reference configuration
[Pseudo]
3  2.72 2.80 3.25 
opt
[XC]
hf
[Optinfo]
7.07  10    # rc[a.u.]  Qc[sqrt(Ry)]  Nb
7.07  10    # rc[a.u.]  Qc[sqrt(Ry)]  Nb
7.07  10    # rc[a.u.]  Qc[sqrt(Ry)]  Nb
[Configs]
2                 # number of valence configurations
#
310 6.00   -       # reference configuration
320 0.00   -      # test configuration     
400 0.51   -      # test configuration 
#
310 6.00   -       # reference configuration
320 0.00   -      # test configuration
400 0.80   -      # test configuration    
#
310 6.00   -       # reference configuration
320 0.00   -      # test configuration
400 2.00   -      # test configuration    

### AE report ########################################

 AE:Orbital    Filling       Eigenvalues[Ry]          Norm
    ----------------------------------------------------------
	100	 2.000	    -267.5047129842
	200	 2.000	     -29.4162495249
	210	 6.000	     -23.4764565926
	300	 2.000	      -3.9276446187
	400	 0.000	      -0.2939113467	  0.8693412366
	310	 6.000	      -2.3410932002	  0.0362409915
	320	 0.000	      -0.1162344148	  0.9793290281

      E_tot =    -1198.0351588386 Ry

### PS report ########################################



 NOTICE!! :Ghost testing not done for HF psps yet, sorry :( 
    ====================Optimized pseudopotential method====================

                       Pseudopotential convergence error                      
    Orbital      [mRy/e]       [meV/e]         [mRy]        [meV]        Ghost
    --------------------------------------------------------------------------
	100      -0.000105     -0.001434     -0.000000     -0.000000	   ???
	210       0.006981      0.094976      0.041884      0.569858	   ???
	320       0.009617      0.130841      0.000000      0.000000	   ???

                  Tot. error =               0.041884      0.569858


### NL/SL report #####################################



 NOTICE!! :Ghost testing not done for HF psps yet, sorry :( 

 SL:Orbital    Filling       Eigenvalues[Ry]          Norm       Ghost
    ------------------------------------------------------------------
	100 	 0.000	      -0.2939113471	  0.8693412465	   ???
	210 	 6.000	      -2.3410931952	  0.0362410001	   ???
	320 	 0.000	      -0.1162345901	  0.9793291801	   ???

      E_tot =      -32.6250971662 Ry

### KE report ########################################

	 ===   Ecut necessary for ~1    eV convergence error / electron === 
	 --------------------------------------------------------------- 
		 	 Ecut[Ry] 	 error [meV/e] 
	100  		   0 	          925.169 
	210  		   22 	          973.307 
	320  		   397 	          451.588 
	 ===   Ecut necessary for ~100 meV convergence error / electron === 
	 --------------------------------------------------------------- 
		 	 Ecut[Ry] 	 error [meV/e] 
	100  		   2 	           95.330 
	210  		   32 	           90.025 
	320  		   -----  >400 Ry   -----

	 ===   Ecut necessary for  ~10 meV convergence error / electron === 
	 --------------------------------------------------------------- 
		 	 Ecut[Ry] 	 error [meV/e] 
	100  		   3 	            9.521 
	210  		   39 	            9.193 
	320  		   -----  >400 Ry   -----

	 ===   Ecut necessary for   ~1 meV convergence error / electron === 
	 --------------------------------------------------------------- 
		 	 Ecut[Ry] 	 error [meV/e] 
	100  		   353 	            0.981 
	210  		   45 	            0.831 
	320  		   -----  >400 Ry   -----

### TC report ########################################

 AE:Orbital    Filling       Eigenvalues[Ry]          Norm
    ----------------------------------------------------------
	100	 2.000	    -267.2812041305
	200	 2.000	     -29.1939080927
	210	 6.000	     -23.2533240643
	300	 2.000	      -3.7085287497
	400	 0.510	      -0.2944176952	  0.8685464256
	310	 6.000	      -2.1208771540	  0.0370887792
	320	 0.000	      -0.0273940530	  0.9994103737

      E_tot =    -1198.1851803830 Ry


 NOTICE!! :Ghost testing not done for HF psps yet, sorry :( 

 SL:Orbital    Filling       Eigenvalues[Ry]          Norm       Ghost
    ------------------------------------------------------------------
	100 	 0.510	      -0.2945532047	  0.8683531215	   ???
	210 	 6.000	      -2.1263878761	  0.0372005922	   ???
	320 	 0.000	      -0.1162344148	  0.9793291802	   ???

      E_tot =      -32.7751533346 Ry

 AE-SL:Orbital Filling       Eigenvalues[mRy]         Norm[1e-3] 
 AE-SL- --------------------------------------------------------------
 AE-SL- 100 	 0.510	       0.1355095056	  0.1933041411	
 AE-SL- 210 	 6.000	       5.5107220735	 -0.1118129546	
 AE-SL- 320 	 0.000	      88.8403618252	 20.0811935657	
 AE-SL-  total error =	      94.4865934043	 20.3863106613

 =====================================================================
 AE:Orbital    Filling       Eigenvalues[Ry]          Norm
    ----------------------------------------------------------
	100	 2.000	    -267.1539426374
	200	 2.000	     -29.0673061491
	210	 6.000	     -23.1262666465
	300	 2.000	      -3.5837262018
	400	 0.800	      -0.2947268904	  0.8680259272
	310	 6.000	      -1.9954462480	  0.0375959989
	320	 0.000	      -0.0044528179	  0.9999983636

      E_tot =    -1198.2706059395 Ry


 NOTICE!! :Ghost testing not done for HF psps yet, sorry :( 

 SL:Orbital    Filling       Eigenvalues[Ry]          Norm       Ghost
    ------------------------------------------------------------------
	100 	 0.800	      -0.2949414450	  0.8677621078	   ???
	210 	 6.000	      -2.0040908336	  0.0377753000	   ???
	320 	 0.000	      -0.1162344148	  0.9793291802	   ???

      E_tot =      -32.8606297122 Ry

 AE-SL:Orbital Filling       Eigenvalues[mRy]         Norm[1e-3] 
 AE-SL- --------------------------------------------------------------
 AE-SL- 100 	 0.800	       0.2145546151	  0.2638194659	
 AE-SL- 210 	 6.000	       8.6445855293	 -0.1793011438	
 AE-SL- 320 	 0.000	     111.7815968956	 20.6691834392	
 AE-SL-  total error =	     120.6407370401	 21.1123040489

 =====================================================================

  Comparison of total energy differences.           
   DD_ij = (E_i - E_j)_AE - (E_i-E_j)_SL     

 AE-SL-   i   j         DD[mRy]        DD[meV] 
 AE-SL- ------------------------------------------
 AE-SL-   0   1        -0.034624      -0.471083
 AE-SL-   0   2        -0.085445      -1.162541
 AE-SL-   1   2        -0.050821      -0.691458
