##########################################################
#    Opium Report File                                   #
##########################################################
     Opium version:        3.8

### copy of the parameter file #######################

[Atom]
C  
3
100   2.00   -
200   2.00   -
210   2.00   -

[Pseudo]
2  0.84 1.29
opt

[Optinfo]
7.07  10
7.07  10
conmax

[Configs]
3
#
200  2.00  -
210  2.00  -
#
200  2.00  -
210  1.50  -
#
200  2.00  -
210  1.00  -
[XC]
hf

### AE report ########################################

 AE:Orbital    Filling       Eigenvalues[Ry]          Norm
    ----------------------------------------------------------
	100	 2.000	     -22.6768828857
	200	 2.000	      -1.4241251023	  0.8883438267
	210	 2.000	      -0.8137995238	  0.6371816068

      E_tot =      -75.3193962328 Ry

### PS report ########################################



 NOTICE!! :Ghost testing not done for HF psps yet, sorry :( 
    ====================Optimized pseudopotential method====================

                       Pseudopotential convergence error                      
    Orbital      [mRy/e]       [meV/e]         [mRy]        [meV]        Ghost
    --------------------------------------------------------------------------
	100       0.468864      6.379218      0.937727     12.758436	   ???
	210       0.420283      5.718250      0.840567     11.436500	   ???

                  Tot. error =               1.778294     24.194935


### NL/SL report #####################################



 NOTICE!! :Ghost testing not done for HF psps yet, sorry :( 

 SL:Orbital    Filling       Eigenvalues[Ry]          Norm       Ghost
    ------------------------------------------------------------------
	100 	 2.000	      -1.4241251013	  0.8883438715	   ???
	210 	 2.000	      -0.8137995228	  0.6371816164	   ???

      E_tot =      -10.5619946234 Ry

### KE report ########################################

	 ===   Ecut necessary for ~1    eV convergence error / electron === 
	 --------------------------------------------------------------- 
		 	 Ecut[Ry] 	 error [meV/e] 
	100  		   15 	          985.616 
	210  		   22 	          992.545 
	 ===   Ecut necessary for ~100 meV convergence error / electron === 
	 --------------------------------------------------------------- 
		 	 Ecut[Ry] 	 error [meV/e] 
	100  		   33 	           96.480 
	210  		   36 	           96.140 

	 ===   Ecut necessary for  ~10 meV convergence error / electron === 
	 --------------------------------------------------------------- 
		 	 Ecut[Ry] 	 error [meV/e] 
	100  		   46 	            9.556 
	210  		   47 	            9.124 

	 ===   Ecut necessary for   ~1 meV convergence error / electron === 
	 --------------------------------------------------------------- 
		 	 Ecut[Ry] 	 error [meV/e] 
	100  		   159 	            0.997 
	210  		   128 	            0.993 

### TC report ########################################

 AE:Orbital    Filling       Eigenvalues[Ry]          Norm
    ----------------------------------------------------------
	100	 2.000	     -22.6768828857
	200	 2.000	      -1.4241251023	  0.8883438267
	210	 2.000	      -0.8137995238	  0.6371816068

      E_tot =      -75.3193962328 Ry


 NOTICE!! :Ghost testing not done for HF psps yet, sorry :( 

 SL:Orbital    Filling       Eigenvalues[Ry]          Norm       Ghost
    ------------------------------------------------------------------
	100 	 2.000	      -1.4241251013	  0.8883438715	   ???
	210 	 2.000	      -0.8137995228	  0.6371816164	   ???

      E_tot =      -10.5619946234 Ry

 AE-SL:Orbital Filling       Eigenvalues[mRy]         Norm[1e-3] 
 AE-SL- --------------------------------------------------------------
 AE-SL- 100 	 2.000	      -0.0000009521	 -0.0000447180	
 AE-SL- 210 	 2.000	      -0.0000010411	 -0.0000096046	
 AE-SL-  total error =	       0.0000019932	  0.0000543226

 =====================================================================
 AE:Orbital    Filling       Eigenvalues[Ry]          Norm
    ----------------------------------------------------------
	100	 2.000	     -23.2372792419
	200	 2.000	      -1.8612865929	  0.8792550057
	210	 1.500	      -1.1043718563	  0.6067658182

      E_tot =      -74.9286080383 Ry


 NOTICE!! :Ghost testing not done for HF psps yet, sorry :( 

 SL:Orbital    Filling       Eigenvalues[Ry]          Norm       Ghost
    ------------------------------------------------------------------
	100 	 2.000	      -1.8591483900	  0.8792937190	   ???
	210 	 1.500	      -1.1049808646	  0.6069498744	   ???

      E_tot =      -10.1707197866 Ry

 AE-SL:Orbital Filling       Eigenvalues[mRy]         Norm[1e-3] 
 AE-SL- --------------------------------------------------------------
 AE-SL- 100 	 2.000	      -2.1382028994	 -0.0387132883	
 AE-SL- 210 	 1.500	       0.6090083161	 -0.1840562099	
 AE-SL-  total error =	       2.7472112155	  0.2227694982

 =====================================================================
 AE:Orbital    Filling       Eigenvalues[Ry]          Norm
    ----------------------------------------------------------
	100	 2.000	     -23.7965233207
	200	 2.000	      -2.3075574483	  0.8707185217
	210	 1.000	      -1.8095192123	  0.5361259312

      E_tot =      -74.5844480244 Ry


 NOTICE!! :Ghost testing not done for HF psps yet, sorry :( 

 SL:Orbital    Filling       Eigenvalues[Ry]          Norm       Ghost
    ------------------------------------------------------------------
	100 	 2.000	      -2.3043817628	  0.8706738703	   ???
	210 	 1.000	      -1.8076775355	  0.5385028701	   ???

      E_tot =       -9.8244381326 Ry

 AE-SL:Orbital Filling       Eigenvalues[mRy]         Norm[1e-3] 
 AE-SL- --------------------------------------------------------------
 AE-SL- 100 	 2.000	      -3.1756855251	  0.0446513978	
 AE-SL- 210 	 1.000	      -1.8416768609	 -2.3769388887	
 AE-SL-  total error =	       5.0173623861	  2.4215902866

 =====================================================================

  Comparison of total energy differences.           
   DD_ij = (E_i - E_j)_AE - (E_i-E_j)_SL     

 AE-SL-   i   j         DD[mRy]        DD[meV] 
 AE-SL- ------------------------------------------
 AE-SL-   0   1         0.000000       0.000000
 AE-SL-   0   2         0.486642       6.621110
 AE-SL-   0   3         2.608282      35.487507
 AE-SL-   1   2         0.486642       6.621110
 AE-SL-   1   3         2.608282      35.487507
 AE-SL-   2   3         2.121640      28.866397
