##########################################################
#    Opium Report File                                   #
##########################################################
     Opium version:        3.8

### copy of the parameter file #######################

[Atom]
Ar                 # chemical symbol (max. 2 characters)
7                 # norb: number of orbitals
100 2.00  -       # reference configuration
200 2.00  -       # reference configuration
210 6.00  -       # reference configuration
300 2.00  -       # reference configuration
310 5.00  -       # reference configuration
400 0.00  -
320 0.00  -

[Pseudo]
4  1.58 1.35 1.05 3.07
opt

[XC]
gga
                                                                                                                 
[Optinfo]
7.07  10    # rc[a.u.]  Qc[sqrt(Ry)]  Nb
7.07  10    # rc[a.u.]  Qc[sqrt(Ry)]  Nb
7.07  10    # rc[a.u.]  Qc[sqrt(Ry)]  Nb
7.07  10    # rc[a.u.]  Qc[sqrt(Ry)]  Nb
[Configs]  
1                 # number of valence configurations
#
300 2.00   -1.4   # test configuration
310 5.50   -0.4   # test configuration
400 0.00   -
320 0.00  -

[KBdesign]
0  # local orbital [0..lmax]
0  # number of boxes
au      0.1 1.25 5.79

### AE report ########################################

 AE:Orbital    Filling       Eigenvalues[Ry]          Norm
    ----------------------------------------------------------
	100	 2.000	    -229.3720643390
	200	 2.000	     -22.6830678573
	210	 6.000	     -17.9112820649
	300	 2.000	      -2.6793012957	  0.3129912862
	310	 5.000	      -1.6266700785	  0.5871357364
	320	 0.000	      -0.2926176214	  0.4336625198
	400	 0.000	      -0.4353477990	  0.9738274719

      E_tot =    -1053.5114530886 Ry

### PS report ########################################

    ====================Optimized pseudopotential method====================

                       Pseudopotential convergence error                      
    Orbital      [mRy/e]       [meV/e]         [mRy]        [meV]        Ghost
    --------------------------------------------------------------------------
	300       0.016706      0.227301      0.033413      0.454601	    no
	310       0.096528      1.313336      0.482642      6.566682	    no
	320       0.008700      0.118373      0.000000      0.000000	    no

                  Tot. error =               0.516055      7.021283


### NL/SL report #####################################


 NL:Orbital    Filling       Eigenvalues[Ry]          Norm       Ghost
    ------------------------------------------------------------------
	100 	 2.000	      -2.6793012954	  0.3129913197	    no
	210 	 5.000	      -1.6266700782	  0.5871357704	    no
	320 	 0.000	      -0.2926176166	  0.4336625548	    no
	200 	 0.000	      -0.4376214625	  0.9714014777	    no

	 ========== No ghosts in potential!!========== 

      E_tot =      -40.9493841003 Ry

### KE report ########################################

	 ===   Ecut necessary for ~1    eV convergence error / electron === 
	 --------------------------------------------------------------- 
		 	 Ecut[Ry] 	 error [meV/e] 
	100  		   20 	          953.386 
	210  		   11 	          917.777 
	320  		   22 	          988.144 
	200  		   20 	          953.386 
	 ===   Ecut necessary for ~100 meV convergence error / electron === 
	 --------------------------------------------------------------- 
		 	 Ecut[Ry] 	 error [meV/e] 
	100  		   30 	           94.402 
	210  		   16 	           93.996 
	320  		   32 	           89.319 
	200  		   30 	           94.402 

	 ===   Ecut necessary for  ~10 meV convergence error / electron === 
	 --------------------------------------------------------------- 
		 	 Ecut[Ry] 	 error [meV/e] 
	100  		   38 	            9.586 
	210  		   38 	            9.401 
	320  		   38 	            8.882 
	200  		   38 	            9.586 

	 ===   Ecut necessary for   ~1 meV convergence error / electron === 
	 --------------------------------------------------------------- 
		 	 Ecut[Ry] 	 error [meV/e] 
	100  		   45 	            0.812 
	210  		   51 	            0.949 
	320  		   44 	            0.859 
	200  		   45 	            0.812 

### TC report ########################################

 AE:Orbital    Filling       Eigenvalues[Ry]          Norm
    ----------------------------------------------------------
	100	 2.000	    -228.8263417707
	200	 2.000	     -22.1504819898
	210	 6.000	     -17.3770984241
	300	 2.000	      -2.2089765057	  0.3261427698
	310	 5.500	      -1.1764865403	  0.6084683349
	320	 0.000	      -0.0361300434	  0.9368520353
	400	 0.000	      -0.2090553358	  0.9825573342

      E_tot =    -1054.2110742896 Ry

 NL:Orbital    Filling       Eigenvalues[Ry]          Norm       Ghost
    ------------------------------------------------------------------
	100 	 2.000	      -2.2094256613	  0.3261054167	    no
	210 	 5.500	      -1.1769228532	  0.6084367205	    no
	320 	 0.000	      -0.0361834568	  0.9356937188	    no
	200 	 0.000	      -0.2101957731	  0.9811022426	    no

      E_tot =      -41.6491212101 Ry

 AE-NL:Orbital Filling       Eigenvalues[mRy]         Norm[1e-3] 
 AE-NL- --------------------------------------------------------------
 AE-NL- 100 	 2.000	       0.4491555349	  0.0373530650	
 AE-NL- 210 	 5.500	       0.4363128961	  0.0316144300	
 AE-NL- 320 	 0.000	       0.0534133578	  1.1583165344	
 AE-NL- 200 	 0.000	       1.1404372075	  1.4550915411	
 AE-NL-  total error =	       2.0793189963	  2.6823755704

 =====================================================================

  Comparison of total energy differences.           
   DD_ij = (E_i - E_j)_AE - (E_i-E_j)_NL     

 AE-NL-   i   j         DD[mRy]        DD[meV] 
 AE-NL- ------------------------------------------
 AE-NL-   0   1        -0.115909      -1.577020
