##########################################################
#    Opium Report File                                   #
##########################################################
     Opium version:        3.8

### copy of the parameter file #######################

[Atom]
S                 # chemical symbol (max. 2 characters)
7                 # norb: number of orbitals
100 2.00  -       # reference configuration
200 2.00  -       # reference configuration
210 6.00  -       # reference configuration
300 2.00  -       # reference configuration
310 3.00  -       # reference configuration
400 0.00  -
320 0.00  -

[Pseudo]
4  1.58 1.35 1.32 2.67
opt

[XC]
gga
                                                                                                                 
[Optinfo]
7.07  10    # rc[a.u.]  Qc[sqrt(Ry)]  Nb
7.07  10    # rc[a.u.]  Qc[sqrt(Ry)]  Nb
7.07  10    # rc[a.u.]  Qc[sqrt(Ry)]  Nb
7.07  10    # rc[a.u.]  Qc[sqrt(Ry)]  Nb
[Configs]  
1                 # number of valence configurations
#
300 2.00   -1.4   # test configuration
310 3.50   -0.4   # test configuration
400 0.00   -
320 0.00  -

[KBdesign]
0  # local orbital [0..lmax]
0  # number of boxes
au      0.1 1.25 5.79

### AE report ########################################

 AE:Orbital    Filling       Eigenvalues[Ry]          Norm
    ----------------------------------------------------------
	100	 2.000	    -177.0986420323
	200	 2.000	     -16.3291163618
	210	 6.000	     -12.3667381667
	300	 2.000	      -2.0217117696	  0.5033859261
	310	 3.000	      -1.2353876259	  0.7627484786
	320	 0.000	      -0.2949909099	  0.6242948929
	400	 0.000	      -0.3899429679	  0.9639394281

      E_tot =     -794.9641777941 Ry

### PS report ########################################

    ====================Optimized pseudopotential method====================

                       Pseudopotential convergence error                      
    Orbital      [mRy/e]       [meV/e]         [mRy]        [meV]        Ghost
    --------------------------------------------------------------------------
	300       0.026201      0.356485      0.052402      0.712970	    no
	310       0.007373      0.100317      0.022119      0.300951	    no
	320       0.006608      0.089909      0.000000      0.000000	    no

                  Tot. error =               0.074522      1.013921


### NL/SL report #####################################


 NL:Orbital    Filling       Eigenvalues[Ry]          Norm       Ghost
    ------------------------------------------------------------------
	100 	 2.000	      -2.0217117695	  0.5033859622	    no
	210 	 3.000	      -1.2353876258	  0.7627485028	    no
	320 	 0.000	      -0.2949909099	  0.6242948974	    no
	200 	 0.000	      -0.3907461816	  0.9628606639	    no

	 ========== No ghosts in potential!!========== 

      E_tot =      -19.2543284113 Ry

### KE report ########################################

	 ===   Ecut necessary for ~1    eV convergence error / electron === 
	 --------------------------------------------------------------- 
		 	 Ecut[Ry] 	 error [meV/e] 
	100  		   14 	          960.527 
	210  		   7 	          889.796 
	320  		   14 	          988.267 
	200  		   14 	          960.527 
	 ===   Ecut necessary for ~100 meV convergence error / electron === 
	 --------------------------------------------------------------- 
		 	 Ecut[Ry] 	 error [meV/e] 
	100  		   23 	           91.335 
	210  		   10 	           93.959 
	320  		   29 	           95.353 
	200  		   23 	           91.335 

	 ===   Ecut necessary for  ~10 meV convergence error / electron === 
	 --------------------------------------------------------------- 
		 	 Ecut[Ry] 	 error [meV/e] 
	100  		   30 	            9.263 
	210  		   27 	            9.781 
	320  		   38 	            9.757 
	200  		   30 	            9.263 

	 ===   Ecut necessary for   ~1 meV convergence error / electron === 
	 --------------------------------------------------------------- 
		 	 Ecut[Ry] 	 error [meV/e] 
	100  		   35 	            0.977 
	210  		   36 	            0.881 
	320  		   45 	            0.851 
	200  		   35 	            0.977 

### TC report ########################################

 AE:Orbital    Filling       Eigenvalues[Ry]          Norm
    ----------------------------------------------------------
	100	 2.000	    -176.6336876609
	200	 2.000	     -15.8752282914
	210	 6.000	     -11.9116797077
	300	 2.000	      -1.6261696320	  0.5186213897
	310	 3.500	      -0.8611629582	  0.7808700889
	320	 0.000	      -0.0549987765	  0.8857251828
	400	 0.000	      -0.1916754903	  0.9753401633

      E_tot =     -795.4871898324 Ry

 NL:Orbital    Filling       Eigenvalues[Ry]          Norm       Ghost
    ------------------------------------------------------------------
	100 	 2.000	      -1.6264469648	  0.5184771857	    no
	210 	 3.500	      -0.8613504899	  0.7808548230	    no
	320 	 0.000	      -0.0549897047	  0.8854878514	    no
	200 	 0.000	      -0.1920896086	  0.9746926469	    no

      E_tot =      -19.7773880408 Ry

 AE-NL:Orbital Filling       Eigenvalues[mRy]         Norm[1e-3] 
 AE-NL- --------------------------------------------------------------
 AE-NL- 100 	 2.000	       0.2773328605	  0.1442039407	
 AE-NL- 210 	 3.500	       0.1875316602	  0.0152659576	
 AE-NL- 320 	 0.000	      -0.0090718491	  0.2373314013	
 AE-NL- 200 	 0.000	       0.4141183886	  0.6475163930	
 AE-NL-  total error =	       0.8880547584	  1.0443176926

 =====================================================================

  Comparison of total energy differences.           
   DD_ij = (E_i - E_j)_AE - (E_i-E_j)_NL     

 AE-NL-   i   j         DD[mRy]        DD[meV] 
 AE-NL- ------------------------------------------
 AE-NL-   0   1        -0.047591      -0.647511
