##########################################################
#    Opium Report File                                   #
##########################################################
     Opium version:        3.8

### copy of the parameter file #######################

[Atom]
Mg
4
100   2.00   -
200   2.00   -
210   6.00   -
300   2.00   -

[Pseudo]
2   1.85 1.90
opt             # no one uses kerker, use opt for real potentials

[Optinfo]
7.07     10
7.07     10
conmax             # when "NEW" minimization breaks, use conmax

[Configs]
3
#
210   6.00   -
300   1.00   -

#
210   6.00   -
300   0.50   -

#
210   6.00   -
300   0.00   -

[XC]
gga


     
[KBdesign]
s                   # local orbital 
1                   # number of aug. operators
au 0.01 1.75  0.11  # unit(gp or au)  left  right  height(Ry)

### AE report ########################################

 AE:Orbital    Filling       Eigenvalues[Ry]          Norm
    ----------------------------------------------------------
	100	 2.000	     -92.4018611073
	200	 2.000	      -5.8470277485
	300	 2.000	      -0.3453500395	  0.8616641718
	210	 6.000	      -3.4292023081	  0.0112334924

      E_tot =     -399.9106269799 Ry

### PS report ########################################

    ====================Optimized pseudopotential method====================

                       Pseudopotential convergence error                      
    Orbital      [mRy/e]       [meV/e]         [mRy]        [meV]        Ghost
    --------------------------------------------------------------------------
	300       0.000575      0.007819      0.001149      0.015639	    no
	210       0.056664      0.770947      0.339981      4.625684	    no

                  Tot. error =               0.341131      4.641323


### NL/SL report #####################################


 NL:Orbital    Filling       Eigenvalues[Ry]          Norm       Ghost
    ------------------------------------------------------------------
	100 	 2.000	      -0.3453500354	  0.8616689526	    no
	210 	 6.000	      -3.4292023159	  0.0112334958	    no

	 ========== No ghosts in potential!!========== 

      E_tot =      -66.0937043344 Ry

### KE report ########################################

	 ===   Ecut necessary for ~1    eV convergence error / electron === 
	 --------------------------------------------------------------- 
		 	 Ecut[Ry] 	 error [meV/e] 
	100  		   1 	          994.457 
	210  		   31 	          943.413 
	 ===   Ecut necessary for ~100 meV convergence error / electron === 
	 --------------------------------------------------------------- 
		 	 Ecut[Ry] 	 error [meV/e] 
	100  		   6 	           90.819 
	210  		   38 	           92.616 

	 ===   Ecut necessary for  ~10 meV convergence error / electron === 
	 --------------------------------------------------------------- 
		 	 Ecut[Ry] 	 error [meV/e] 
	100  		   9 	            9.274 
	210  		   44 	            9.222 

	 ===   Ecut necessary for   ~1 meV convergence error / electron === 
	 --------------------------------------------------------------- 
		 	 Ecut[Ry] 	 error [meV/e] 
	100  		   25 	            0.992 
	210  		   49 	            0.945 

### TC report ########################################

 AE:Orbital    Filling       Eigenvalues[Ry]          Norm
    ----------------------------------------------------------
	100	 2.000	     -93.0784793673
	200	 2.000	      -6.5125722554
	300	 1.000	      -0.8349820277	  0.8124756994
	210	 6.000	      -4.0942484874	  0.0107548586

      E_tot =     -399.3264156256 Ry

 NL:Orbital    Filling       Eigenvalues[Ry]          Norm       Ghost
    ------------------------------------------------------------------
	100 	 1.000	      -0.8351743909	  0.8108265367	    no
	210 	 6.000	      -4.0861989286	  0.0108525638	    no

      E_tot =      -65.5094132444 Ry

 AE-NL:Orbital Filling       Eigenvalues[mRy]         Norm[1e-3] 
 AE-NL- --------------------------------------------------------------
 AE-NL- 100 	 1.000	       0.1923631829	  1.6491627421	
 AE-NL- 210 	 6.000	      -8.0495588159	 -0.0977052169	
 AE-NL-  total error =	       8.2419219988	  1.7468679590

 =====================================================================
 AE:Orbital    Filling       Eigenvalues[Ry]          Norm
    ----------------------------------------------------------
	100	 2.000	     -93.4764934484
	200	 2.000	      -6.9011268364
	300	 0.500	      -1.1015250359	  0.7821796701
	210	 6.000	      -4.4822704620	  0.0103788773

      E_tot =     -398.8428072399 Ry

 NL:Orbital    Filling       Eigenvalues[Ry]          Norm       Ghost
    ------------------------------------------------------------------
	100 	 0.500	      -1.1013503815	  0.7787171887	    no
	210 	 6.000	      -4.4692122340	  0.0105438158	    no

      E_tot =      -65.0257532251 Ry

 AE-NL:Orbital Filling       Eigenvalues[mRy]         Norm[1e-3] 
 AE-NL- --------------------------------------------------------------
 AE-NL- 100 	 0.500	      -0.1746543974	  3.4624813249	
 AE-NL- 210 	 6.000	     -13.0582279131	 -0.1649385345	
 AE-NL-  total error =	      13.2328823105	  3.6274198594

 =====================================================================
 AE:Orbital    Filling       Eigenvalues[Ry]          Norm
    ----------------------------------------------------------
	100	 2.000	     -93.9106703627
	200	 2.000	      -7.3236972311
	300	 0.000	      -1.3428429898	  0.7348346178
	210	 6.000	      -4.9037045701	  0.0098073776

      E_tot =     -398.2238280481 Ry

 NL:Orbital    Filling       Eigenvalues[Ry]          Norm       Ghost
    ------------------------------------------------------------------
	100 	 0.000	      -1.3422823841	  0.7286045594	    no
	210 	 6.000	      -4.8859649916	  0.0100313022	    no

      E_tot =      -64.4070860631 Ry

 AE-NL:Orbital Filling       Eigenvalues[mRy]         Norm[1e-3] 
 AE-NL- --------------------------------------------------------------
 AE-NL- 100 	 0.000	      -0.5606056854	  6.2300583884	
 AE-NL- 210 	 6.000	     -17.7395784304	 -0.2239245375	
 AE-NL-  total error =	      18.3001841158	  6.4539829259

 =====================================================================

  Comparison of total energy differences.           
   DD_ij = (E_i - E_j)_AE - (E_i-E_j)_NL     

 AE-NL-   i   j         DD[mRy]        DD[meV] 
 AE-NL- ------------------------------------------
 AE-NL-   0   1         0.079736       1.084859
 AE-NL-   0   2         0.131369       1.787372
 AE-NL-   0   3        -0.180661      -2.458013
 AE-NL-   1   2         0.051634       0.702513
 AE-NL-   1   3        -0.260396      -3.542873
 AE-NL-   2   3        -0.312030      -4.245385
