##########################################################
#    Opium Report File                                   #
##########################################################
     Opium version:        3.8

### copy of the parameter file #######################

[Atom]
F  
3
100   2.00   -
200   2.00   -
210   5.00   -

[Pseudo]
2  1.14 1.63
opt

[Optinfo]
7.07  10
7.07  10
conmax

[Configs]
2
#
200  2.00  -
210  5.20  -
#
200  2.00  -
210  5.40  -

[XC]
hf

### AE report ########################################

 AE:Orbital    Filling       Eigenvalues[Ry]          Norm
    ----------------------------------------------------------
	100	 2.000	     -52.7655207898
	200	 2.000	      -3.1450700410	  0.3267652389
	210	 5.000	      -1.4600355186	  0.1640843608

      E_tot =     -198.8187008907 Ry

### PS report ########################################



 NOTICE!! :Ghost testing not done for HF psps yet, sorry :( 
    ====================Optimized pseudopotential method====================

                       Pseudopotential convergence error                      
    Orbital      [mRy/e]       [meV/e]         [mRy]        [meV]        Ghost
    --------------------------------------------------------------------------
	100       0.495854      6.746446      0.991709     13.492892	   ???
	210       0.199219      2.710511      0.996094     13.552554	   ???

                  Tot. error =               1.987803     27.045446


### NL/SL report #####################################



 NOTICE!! :Ghost testing not done for HF psps yet, sorry :( 

 SL:Orbital    Filling       Eigenvalues[Ry]          Norm       Ghost
    ------------------------------------------------------------------
	100 	 2.000	      -3.1450699985	  0.3267652533	   ???
	210 	 5.000	      -1.4600354729	  0.1640843670	   ???

      E_tot =      -46.3211871839 Ry

### KE report ########################################

	 ===   Ecut necessary for ~1    eV convergence error / electron === 
	 --------------------------------------------------------------- 
		 	 Ecut[Ry] 	 error [meV/e] 
	100  		   10 	          992.402 
	210  		   29 	          951.462 
	 ===   Ecut necessary for ~100 meV convergence error / electron === 
	 --------------------------------------------------------------- 
		 	 Ecut[Ry] 	 error [meV/e] 
	100  		   18 	           98.886 
	210  		   38 	           89.333 

	 ===   Ecut necessary for  ~10 meV convergence error / electron === 
	 --------------------------------------------------------------- 
		 	 Ecut[Ry] 	 error [meV/e] 
	100  		   46 	            9.257 
	210  		   45 	            9.496 

	 ===   Ecut necessary for   ~1 meV convergence error / electron === 
	 --------------------------------------------------------------- 
		 	 Ecut[Ry] 	 error [meV/e] 
	100  		   193 	            0.991 
	210  		   100 	            0.996 

### TC report ########################################

 AE:Orbital    Filling       Eigenvalues[Ry]          Norm
    ----------------------------------------------------------
	100	 2.000	     -52.5384312217
	200	 2.000	      -2.9367777585	  0.3316349395
	210	 5.200	      -1.1768469467	  0.1802326863

      E_tot =     -198.7922816847 Ry


 NOTICE!! :Ghost testing not done for HF psps yet, sorry :( 

 SL:Orbital    Filling       Eigenvalues[Ry]          Norm       Ghost
    ------------------------------------------------------------------
	100 	 2.000	      -2.9282896531	  0.3323420230	   ???
	210 	 5.200	      -1.1782554521	  0.1788826376	   ???

      E_tot =      -46.3119342185 Ry

 AE-SL:Orbital Filling       Eigenvalues[mRy]         Norm[1e-3] 
 AE-SL- --------------------------------------------------------------
 AE-SL- 100 	 2.000	      -8.4881053844	 -0.7070834276	
 AE-SL- 210 	 5.200	       1.4085053640	  1.3500487026	
 AE-SL-  total error =	       9.8966107483	  2.0571321302

 =====================================================================
 AE:Orbital    Filling       Eigenvalues[Ry]          Norm
    ----------------------------------------------------------
	100	 2.000	     -52.3140423891
	200	 2.000	      -2.7328940025	  0.3365009816
	210	 5.400	      -0.9297583527	  0.1961503580

      E_tot =     -198.7910326872 Ry


 NOTICE!! :Ghost testing not done for HF psps yet, sorry :( 

 SL:Orbital    Filling       Eigenvalues[Ry]          Norm       Ghost
    ------------------------------------------------------------------
	100 	 2.000	      -2.7174718069	  0.3378234860	   ???
	210 	 5.400	      -0.9311902933	  0.1936794131	   ???

      E_tot =      -46.3224491920 Ry

 AE-SL:Orbital Filling       Eigenvalues[mRy]         Norm[1e-3] 
 AE-SL- --------------------------------------------------------------
 AE-SL- 100 	 2.000	     -15.4221955524	 -1.3225044203	
 AE-SL- 210 	 5.400	       1.4319405933	  2.4709448701	
 AE-SL-  total error =	      16.8541361457	  3.7934492903

 =====================================================================

  Comparison of total energy differences.           
   DD_ij = (E_i - E_j)_AE - (E_i-E_j)_SL     

 AE-SL-   i   j         DD[mRy]        DD[meV] 
 AE-SL- ------------------------------------------
 AE-SL-   0   1       -17.166241    -233.558719
 AE-SL-   0   2       -28.930212    -393.615781
 AE-SL-   1   2       -11.763971    -160.057062
